[backblue.gif]
[fade.gif]
[index.html]
[openbook.rheinwerk-verlag.de/shell_programmierung/common/rw_openbook.gif]
[openbook.rheinwerk-verlag.de/shell_programmierung/common/rw_computing.gif]
[openbook.rheinwerk-verlag.de/shell_programmierung/common/spacer10.gif]
[openbook.rheinwerk-verlag.de/shell_programmierung/common/9783898426831.gif]
[openbook.rheinwerk-verlag.de/shell_programmierung/common/pfeil_rechts5.gif]
[openbook.rheinwerk-verlag.de/shell_programmierung/common/top.gif]
[openbook.rheinwerk-verlag.de/shell_programmierung/common/leer.gif]
[openbook.rheinwerk-verlag.de/shell_programmierung/common/683.gif]
[openbook.rheinwerk-verlag.de/shell_programmierung/common/2310.gif]
[openbook.rheinwerk-verlag.de/shell_programmierung/common/3020.gif]
[openbook.rheinwerk-verlag.de/shell_programmierung/common/3529.gif]
[openbook.rheinwerk-verlag.de/shell_programmierung/common/2542.gif]
[openbook.rheinwerk-verlag.de/shell_programmierung/common/2591.gif]
[openbook.rheinwerk-verlag.de/shell_programmierung/index.html]
[openbook.rheinwerk-verlag.de/shell_programmierung/common/gp.gif]
[openbook.rheinwerk-verlag.de/shell_programmierung/common/back_blau_weiss.gif]
[openbook.rheinwerk-verlag.de/shell_programmierung/common/rw_open.css]
[openbook.rheinwerk-verlag.de/shell_programmierung/common/pfeil_u.gif]
[openbook.rheinwerk-verlag.de/shell_programmierung/common/15x15leer.gif]
[openbook.rheinwerk-verlag.de/shell_programmierung/shell_001_000.html]
[openbook.rheinwerk-verlag.de/shell_programmierung/index-2.html]
[openbook.rheinwerk-verlag.de/shell_programmierung/shell_002_000.html]
[openbook.rheinwerk-verlag.de/shell_programmierung/common/down.gif]
[openbook.rheinwerk-verlag.de/shell_programmierung/shell_003_000.html]
[openbook.rheinwerk-verlag.de/shell_programmierung/shell_004_000.html]
[openbook.rheinwerk-verlag.de/shell_programmierung/shell_005_000.html]
[openbook.rheinwerk-verlag.de/shell_programmierung/bilder/04_01.gif]
[openbook.rheinwerk-verlag.de/shell_programmierung/bilderklein/klein04_01.gif]
[openbook.rheinwerk-verlag.de/shell_programmierung/bilder/04_02.gif]
[openbook.rheinwerk-verlag.de/shell_programmierung/bilderklein/klein04_02.gif]
[openbook.rheinwerk-verlag.de/shell_programmierung/shell_006_000.html]
[openbook.rheinwerk-verlag.de/shell_programmierung/shell_007_000.html]
[openbook.rheinwerk-verlag.de/shell_programmierung/shell_008_000.html]
[openbook.rheinwerk-verlag.de/shell_programmierung/bilder/07_01.gif]
[openbook.rheinwerk-verlag.de/shell_programmierung/bilderklein/klein07_01.gif]
[openbook.rheinwerk-verlag.de/shell_programmierung/shell_009_000.html]
[openbook.rheinwerk-verlag.de/shell_programmierung/shell_010_000.html]
[openbook.rheinwerk-verlag.de/shell_programmierung/shell_011_000.html]
[openbook.rheinwerk-verlag.de/shell_programmierung/shell_012_000.html]
[openbook.rheinwerk-verlag.de/shell_programmierung/shell_013_000.html]
[openbook.rheinwerk-verlag.de/shell_programmierung/bilder/12_01.gif]
[openbook.rheinwerk-verlag.de/shell_programmierung/bilderklein/klein12_01.gif]
[openbook.rheinwerk-verlag.de/shell_programmierung/shell_014_000.html]
[openbook.rheinwerk-verlag.de/shell_programmierung/shell_015_000.html]
[openbook.rheinwerk-verlag.de/shell_programmierung/shell_016_000.html]
[openbook.rheinwerk-verlag.de/shell_programmierung/shell_017_000.html]
[openbook.rheinwerk-verlag.de/shell_programmierung/shell_018_A_000.html]
[openbook.rheinwerk-verlag.de/shell_programmierung/stichwort.html]
[openbook.rheinwerk-verlag.de/shell_programmierung/shell_001_001.html]
[openbook.rheinwerk-verlag.de/shell_programmierung/shell_003_001.html]
[openbook.rheinwerk-verlag.de/shell_programmierung/shell_003_002.html]
[openbook.rheinwerk-verlag.de/shell_programmierung/shell_003_003.html]
[openbook.rheinwerk-verlag.de/shell_programmierung/shell_003_004.html]
[openbook.rheinwerk-verlag.de/shell_programmierung/shell_003_005.html]
[openbook.rheinwerk-verlag.de/shell_programmierung/shell_003_006.html]
[openbook.rheinwerk-verlag.de/shell_programmierung/shell_003_007.html]
[openbook.rheinwerk-verlag.de/shell_programmierung/shell_003_008.html]
[openbook.rheinwerk-verlag.de/shell_programmierung/bilder/01_01.gif]
[openbook.rheinwerk-verlag.de/shell_programmierung/bilderklein/klein01_01.gif]
[openbook.rheinwerk-verlag.de/shell_programmierung/bilder/01_02.gif]
[openbook.rheinwerk-verlag.de/shell_programmierung/bilderklein/klein01_02.gif]
[openbook.rheinwerk-verlag.de/shell_programmierung/bilder/01_03.gif]
[openbook.rheinwerk-verlag.de/shell_programmierung/bilderklein/klein01_03.gif]
[openbook.rheinwerk-verlag.de/shell_programmierung/bilder/01_04.gif]
[openbook.rheinwerk-verlag.de/shell_programmierung/bilderklein/klein01_04.gif]
[openbook.rheinwerk-verlag.de/shell_programmierung/bilder/01_05.gif]
[openbook.rheinwerk-verlag.de/shell_programmierung/bilderklein/klein01_05.gif]
[openbook.rheinwerk-verlag.de/shell_programmierung/bilder/01_06.gif]
[openbook.rheinwerk-verlag.de/shell_programmierung/bilderklein/klein01_06.gif]
[openbook.rheinwerk-verlag.de/shell_programmierung/bilder/01_07.gif]
[openbook.rheinwerk-verlag.de/shell_programmierung/bilderklein/klein01_07.gif]
[openbook.rheinwerk-verlag.de/shell_programmierung/bilder/01_08.gif]
[openbook.rheinwerk-verlag.de/shell_programmierung/bilderklein/klein01_08.gif]
[openbook.rheinwerk-verlag.de/shell_programmierung/shell_003_009.html]
[openbook.rheinwerk-verlag.de/shell_programmierung/shell_003_010.html]
[openbook.rheinwerk-verlag.de/shell_programmierung/shell_004_001.html]
[openbook.rheinwerk-verlag.de/shell_programmierung/shell_004_002.html]
[openbook.rheinwerk-verlag.de/shell_programmierung/shell_004_003.html]
[openbook.rheinwerk-verlag.de/shell_programmierung/shell_004_004.html]
[openbook.rheinwerk-verlag.de/shell_programmierung/shell_004_005.html]
[openbook.rheinwerk-verlag.de/shell_programmierung/shell_004_006.html]
[openbook.rheinwerk-verlag.de/shell_programmierung/shell_004_007.html]
[openbook.rheinwerk-verlag.de/shell_programmierung/shell_004_008.html]
[openbook.rheinwerk-verlag.de/shell_programmierung/bilder/03_01.gif]
[openbook.rheinwerk-verlag.de/shell_programmierung/bilderklein/klein03_01.gif]
[openbook.rheinwerk-verlag.de/shell_programmierung/shell_005_001.html]
[openbook.rheinwerk-verlag.de/shell_programmierung/bilder/03_02.gif]
[openbook.rheinwerk-verlag.de/shell_programmierung/bilderklein/klein03_02.gif]
[openbook.rheinwerk-verlag.de/shell_programmierung/shell_005_002.html]
[openbook.rheinwerk-verlag.de/shell_programmierung/shell_005_003.html]
[openbook.rheinwerk-verlag.de/shell_programmierung/shell_005_004.html]
[openbook.rheinwerk-verlag.de/shell_programmierung/shell_005_005.html]
[openbook.rheinwerk-verlag.de/shell_programmierung/bilder/03_03.gif]
[openbook.rheinwerk-verlag.de/shell_programmierung/bilderklein/klein03_03.gif]
[openbook.rheinwerk-verlag.de/shell_programmierung/bilder/03_04.gif]
[openbook.rheinwerk-verlag.de/shell_programmierung/bilderklein/klein03_04.gif]
[openbook.rheinwerk-verlag.de/shell_programmierung/shell_005_006.html]
[openbook.rheinwerk-verlag.de/shell_programmierung/shell_005_007.html]
[openbook.rheinwerk-verlag.de/shell_programmierung/shell_005_008.html]
[openbook.rheinwerk-verlag.de/shell_programmierung/bilder/04_03.gif]
[openbook.rheinwerk-verlag.de/shell_programmierung/bilderklein/klein04_03.gif]
[openbook.rheinwerk-verlag.de/shell_programmierung/bilder/04_04.gif]
[openbook.rheinwerk-verlag.de/shell_programmierung/bilderklein/klein04_04.gif]
[openbook.rheinwerk-verlag.de/shell_programmierung/shell_006_001.html]
[openbook.rheinwerk-verlag.de/shell_programmierung/bilder/04_05.gif]
[openbook.rheinwerk-verlag.de/shell_programmierung/bilderklein/klein04_05.gif]
[openbook.rheinwerk-verlag.de/shell_programmierung/shell_006_002.html]
[openbook.rheinwerk-verlag.de/shell_programmierung/shell_006_003.html]
[openbook.rheinwerk-verlag.de/shell_programmierung/shell_006_004.html]
[openbook.rheinwerk-verlag.de/shell_programmierung/bilder/04_06.gif]
[openbook.rheinwerk-verlag.de/shell_programmierung/bilderklein/klein04_06.gif]
[openbook.rheinwerk-verlag.de/shell_programmierung/bilder/04_07.gif]
[openbook.rheinwerk-verlag.de/shell_programmierung/bilderklein/klein04_07.gif]
[openbook.rheinwerk-verlag.de/shell_programmierung/shell_006_005.html]
[openbook.rheinwerk-verlag.de/shell_programmierung/bilder/04_08.gif]
[openbook.rheinwerk-verlag.de/shell_programmierung/bilderklein/klein04_08.gif]
[openbook.rheinwerk-verlag.de/shell_programmierung/bilder/04_09.gif]
[openbook.rheinwerk-verlag.de/shell_programmierung/bilderklein/klein04_09.gif]
[openbook.rheinwerk-verlag.de/shell_programmierung/shell_006_006.html]
[openbook.rheinwerk-verlag.de/shell_programmierung/bilder/04_10.gif]
[openbook.rheinwerk-verlag.de/shell_programmierung/bilderklein/klein04_10.gif]
[openbook.rheinwerk-verlag.de/shell_programmierung/shell_006_007.html]
[openbook.rheinwerk-verlag.de/shell_programmierung/shell_006_008.html]
[openbook.rheinwerk-verlag.de/shell_programmierung/bilder/04_11.gif]
[openbook.rheinwerk-verlag.de/shell_programmierung/bilderklein/klein04_11.gif]
[openbook.rheinwerk-verlag.de/shell_programmierung/shell_006_009.html]
[openbook.rheinwerk-verlag.de/shell_programmierung/bilder/04_12.gif]
[openbook.rheinwerk-verlag.de/shell_programmierung/bilderklein/klein04_12.gif]
[openbook.rheinwerk-verlag.de/shell_programmierung/shell_006_010.html]
[openbook.rheinwerk-verlag.de/shell_programmierung/bilder/04_13.gif]
[openbook.rheinwerk-verlag.de/shell_programmierung/bilderklein/klein04_13.gif]
[openbook.rheinwerk-verlag.de/shell_programmierung/shell_006_011.html]
[openbook.rheinwerk-verlag.de/shell_programmierung/shell_006_012.html]
[openbook.rheinwerk-verlag.de/shell_programmierung/shell_006_013.html]
[openbook.rheinwerk-verlag.de/shell_programmierung/bilder/05_01.gif]
[openbook.rheinwerk-verlag.de/shell_programmierung/bilderklein/klein05_01.gif]
[openbook.rheinwerk-verlag.de/shell_programmierung/shell_007_001.html]
[openbook.rheinwerk-verlag.de/shell_programmierung/shell_007_002.html]
[openbook.rheinwerk-verlag.de/shell_programmierung/shell_007_003.html]
[openbook.rheinwerk-verlag.de/shell_programmierung/shell_007_004.html]
[openbook.rheinwerk-verlag.de/shell_programmierung/shell_007_005.html]
[openbook.rheinwerk-verlag.de/shell_programmierung/bilder/05_02.gif]
[openbook.rheinwerk-verlag.de/shell_programmierung/bilderklein/klein05_02.gif]
[openbook.rheinwerk-verlag.de/shell_programmierung/shell_007_006.html]
[openbook.rheinwerk-verlag.de/shell_programmierung/bilder/05_03.gif]
[openbook.rheinwerk-verlag.de/shell_programmierung/bilderklein/klein05_03.gif]
[openbook.rheinwerk-verlag.de/shell_programmierung/bilder/05_04.gif]
[openbook.rheinwerk-verlag.de/shell_programmierung/bilderklein/klein05_04.gif]
[openbook.rheinwerk-verlag.de/shell_programmierung/bilder/05_05.gif]
[openbook.rheinwerk-verlag.de/shell_programmierung/bilderklein/klein05_05.gif]
[openbook.rheinwerk-verlag.de/shell_programmierung/bilder/05_06.gif]
[openbook.rheinwerk-verlag.de/shell_programmierung/bilderklein/klein05_06.gif]
[openbook.rheinwerk-verlag.de/shell_programmierung/bilder/05_07.gif]
[openbook.rheinwerk-verlag.de/shell_programmierung/bilderklein/klein05_07.gif]
[openbook.rheinwerk-verlag.de/shell_programmierung/bilder/05_08.gif]
[openbook.rheinwerk-verlag.de/shell_programmierung/bilderklein/klein05_08.gif]
[openbook.rheinwerk-verlag.de/shell_programmierung/bilder/05_09.gif]
[openbook.rheinwerk-verlag.de/shell_programmierung/bilderklein/klein05_09.gif]
[openbook.rheinwerk-verlag.de/shell_programmierung/bilder/05_10.gif]
[openbook.rheinwerk-verlag.de/shell_programmierung/bilderklein/klein05_10.gif]
[openbook.rheinwerk-verlag.de/shell_programmierung/bilder/05_11.gif]
[openbook.rheinwerk-verlag.de/shell_programmierung/bilderklein/klein05_11.gif]
[openbook.rheinwerk-verlag.de/shell_programmierung/bilder/05_12.gif]
[openbook.rheinwerk-verlag.de/shell_programmierung/bilderklein/klein05_12.gif]
[openbook.rheinwerk-verlag.de/shell_programmierung/shell_007_007.html]
[openbook.rheinwerk-verlag.de/shell_programmierung/bilder/05_13.gif]
[openbook.rheinwerk-verlag.de/shell_programmierung/bilderklein/klein05_13.gif]
[openbook.rheinwerk-verlag.de/shell_programmierung/bilder/05_14.gif]
[openbook.rheinwerk-verlag.de/shell_programmierung/bilderklein/klein05_14.gif]
[openbook.rheinwerk-verlag.de/shell_programmierung/bilder/05_15.gif]
[openbook.rheinwerk-verlag.de/shell_programmierung/bilderklein/klein05_15.gif]
[openbook.rheinwerk-verlag.de/shell_programmierung/bilder/05_16.gif]
[openbook.rheinwerk-verlag.de/shell_programmierung/bilderklein/klein05_16.gif]
[openbook.rheinwerk-verlag.de/shell_programmierung/bilder/05_17.gif]
[openbook.rheinwerk-verlag.de/shell_programmierung/bilderklein/klein05_17.gif]
[openbook.rheinwerk-verlag.de/shell_programmierung/bilder/05_18.gif]
[openbook.rheinwerk-verlag.de/shell_programmierung/bilderklein/klein05_18.gif]
[openbook.rheinwerk-verlag.de/shell_programmierung/bilder/05_19.gif]
[openbook.rheinwerk-verlag.de/shell_programmierung/bilderklein/klein05_19.gif]
[openbook.rheinwerk-verlag.de/shell_programmierung/bilder/05_20.gif]
[openbook.rheinwerk-verlag.de/shell_programmierung/bilderklein/klein05_20.gif]
[openbook.rheinwerk-verlag.de/shell_programmierung/bilder/05_21.gif]
[openbook.rheinwerk-verlag.de/shell_programmierung/bilderklein/klein05_21.gif]
[openbook.rheinwerk-verlag.de/shell_programmierung/bilder/05_22.gif]
[openbook.rheinwerk-verlag.de/shell_programmierung/bilderklein/klein05_22.gif]
[openbook.rheinwerk-verlag.de/shell_programmierung/bilder/05_23.gif]
[openbook.rheinwerk-verlag.de/shell_programmierung/bilderklein/klein05_23.gif]
[openbook.rheinwerk-verlag.de/shell_programmierung/shell_007_008.html]
[openbook.rheinwerk-verlag.de/shell_programmierung/shell_008_001.html]
[openbook.rheinwerk-verlag.de/shell_programmierung/shell_008_002.html]
[openbook.rheinwerk-verlag.de/shell_programmierung/shell_008_003.html]
[openbook.rheinwerk-verlag.de/shell_programmierung/shell_008_004.html]
[openbook.rheinwerk-verlag.de/shell_programmierung/shell_008_005.html]
[openbook.rheinwerk-verlag.de/shell_programmierung/shell_008_006.html]
[openbook.rheinwerk-verlag.de/shell_programmierung/shell_009_001.html]
[openbook.rheinwerk-verlag.de/shell_programmierung/bilder/07_02.gif]
[openbook.rheinwerk-verlag.de/shell_programmierung/bilderklein/klein07_02.gif]
[openbook.rheinwerk-verlag.de/shell_programmierung/shell_009_002.html]
[openbook.rheinwerk-verlag.de/shell_programmierung/shell_010_001.html]
[openbook.rheinwerk-verlag.de/shell_programmierung/shell_010_002.html]
[openbook.rheinwerk-verlag.de/shell_programmierung/shell_010_003.html]
[openbook.rheinwerk-verlag.de/shell_programmierung/shell_010_004.html]
[openbook.rheinwerk-verlag.de/shell_programmierung/shell_010_005.html]
[openbook.rheinwerk-verlag.de/shell_programmierung/shell_010_006.html]
[openbook.rheinwerk-verlag.de/shell_programmierung/shell_010_007.html]
[openbook.rheinwerk-verlag.de/shell_programmierung/bilder/08_01.gif]
[openbook.rheinwerk-verlag.de/shell_programmierung/bilderklein/klein08_01.gif]
[openbook.rheinwerk-verlag.de/shell_programmierung/bilder/08_02.gif]
[openbook.rheinwerk-verlag.de/shell_programmierung/bilderklein/klein08_02.gif]
[openbook.rheinwerk-verlag.de/shell_programmierung/bilder/08_03.gif]
[openbook.rheinwerk-verlag.de/shell_programmierung/bilderklein/klein08_03.gif]
[openbook.rheinwerk-verlag.de/shell_programmierung/shell_010_008.html]
[openbook.rheinwerk-verlag.de/shell_programmierung/bilder/08_04.gif]
[openbook.rheinwerk-verlag.de/shell_programmierung/bilderklein/klein08_04.gif]
[openbook.rheinwerk-verlag.de/shell_programmierung/shell_010_009.html]
[openbook.rheinwerk-verlag.de/shell_programmierung/shell_010_010.html]
[openbook.rheinwerk-verlag.de/shell_programmierung/shell_011_001.html]
[openbook.rheinwerk-verlag.de/shell_programmierung/shell_011_002.html]
[openbook.rheinwerk-verlag.de/shell_programmierung/shell_011_003.html]
[openbook.rheinwerk-verlag.de/shell_programmierung/shell_011_004.html]
[openbook.rheinwerk-verlag.de/shell_programmierung/shell_011_005.html]
[openbook.rheinwerk-verlag.de/shell_programmierung/shell_011_006.html]
[openbook.rheinwerk-verlag.de/shell_programmierung/shell_012_001.html]
[openbook.rheinwerk-verlag.de/shell_programmierung/shell_012_002.html]
[openbook.rheinwerk-verlag.de/shell_programmierung/shell_013_001.html]
[openbook.rheinwerk-verlag.de/shell_programmierung/shell_014_001.html]
[openbook.rheinwerk-verlag.de/shell_programmierung/shell_014_002.html]
[openbook.rheinwerk-verlag.de/shell_programmierung/shell_014_003.html]
[openbook.rheinwerk-verlag.de/shell_programmierung/shell_014_004.html]
[openbook.rheinwerk-verlag.de/shell_programmierung/shell_015_001.html]
[openbook.rheinwerk-verlag.de/shell_programmierung/shell_015_002.html]
[openbook.rheinwerk-verlag.de/shell_programmierung/shell_015_003.html]
[openbook.rheinwerk-verlag.de/shell_programmierung/shell_015_004.html]
[openbook.rheinwerk-verlag.de/shell_programmierung/shell_015_005.html]
[openbook.rheinwerk-verlag.de/shell_programmierung/shell_015_006.html]
[openbook.rheinwerk-verlag.de/shell_programmierung/shell_016_001.html]
[openbook.rheinwerk-verlag.de/shell_programmierung/shell_016_002.html]
[openbook.rheinwerk-verlag.de/shell_programmierung/shell_016_003.html]
[openbook.rheinwerk-verlag.de/shell_programmierung/shell_016_004.html]
[openbook.rheinwerk-verlag.de/shell_programmierung/shell_016_005.html]
[openbook.rheinwerk-verlag.de/shell_programmierung/shell_016_006.html]
[openbook.rheinwerk-verlag.de/shell_programmierung/shell_016_007.html]
[openbook.rheinwerk-verlag.de/shell_programmierung/shell_016_008.html]
[openbook.rheinwerk-verlag.de/shell_programmierung/shell_016_009.html]
[openbook.rheinwerk-verlag.de/shell_programmierung/shell_016_010.html]
[openbook.rheinwerk-verlag.de/shell_programmierung/shell_016_011.html]
[openbook.rheinwerk-verlag.de/shell_programmierung/shell_016_012.html]
[openbook.rheinwerk-verlag.de/shell_programmierung/shell_016_013.html]
[openbook.rheinwerk-verlag.de/shell_programmierung/shell_016_014.html]
[openbook.rheinwerk-verlag.de/shell_programmierung/shell_016_015.html]
[openbook.rheinwerk-verlag.de/shell_programmierung/shell_016_016.html]
[openbook.rheinwerk-verlag.de/shell_programmierung/shell_017_001.html]
[openbook.rheinwerk-verlag.de/shell_programmierung/shell_017_002.html]
[openbook.rheinwerk-verlag.de/shell_programmierung/shell_017_003.html]
[openbook.rheinwerk-verlag.de/shell_programmierung/shell_017_004.html]
[openbook.rheinwerk-verlag.de/shell_programmierung/bilder/15_01.gif]
[openbook.rheinwerk-verlag.de/shell_programmierung/bilderklein/klein15_01.gif]
[openbook.rheinwerk-verlag.de/shell_programmierung/bilder/15_02.gif]
[openbook.rheinwerk-verlag.de/shell_programmierung/bilderklein/klein15_02.gif]
[openbook.rheinwerk-verlag.de/shell_programmierung/bilder/15_03.gif]
[openbook.rheinwerk-verlag.de/shell_programmierung/bilderklein/klein15_03.gif]
[openbook.rheinwerk-verlag.de/shell_programmierung/bilder/15_04.gif]
[openbook.rheinwerk-verlag.de/shell_programmierung/bilderklein/klein15_04.gif]
[openbook.rheinwerk-verlag.de/shell_programmierung/bilder/15_05.gif]
[openbook.rheinwerk-verlag.de/shell_programmierung/bilderklein/klein15_05.gif]
[openbook.rheinwerk-verlag.de/shell_programmierung/bilder/15_06.gif]
[openbook.rheinwerk-verlag.de/shell_programmierung/bilderklein/klein15_06.gif]
[openbook.rheinwerk-verlag.de/shell_programmierung/bilder/15_07.gif]
[openbook.rheinwerk-verlag.de/shell_programmierung/bilderklein/klein15_07.gif]
[openbook.rheinwerk-verlag.de/shell_programmierung/bilder/15_08.gif]
[openbook.rheinwerk-verlag.de/shell_programmierung/shell_017_005.html]
[openbook.rheinwerk-verlag.de/shell_programmierung/shell_018_A_001.html]
[openbook.rheinwerk-verlag.de/shell_programmierung/shell_018_A_002.html]
[openbook.rheinwerk-verlag.de/shell_programmierung/shell_018_A_003.html]
[openbook.rheinwerk-verlag.de/shell_programmierung/shell_018_A_004.html]
[openbook.rheinwerk-verlag.de/shell_programmierung/shell_018_A_005.html]
[openbook.rheinwerk-verlag.de/shell_programmierung/shell_018_A_006.html]
[openbook.rheinwerk-verlag.de/shell_programmierung/shell_018_A_007.html]
[openbook.rheinwerk-verlag.de/shell_programmierung/bilder/xx0f3f38.html]
[openbook.rheinwerk-verlag.de/shell_programmierung/bilderklein/kleinxx0f3f38.html]
[openbook.rheinwerk-verlag.de/shell_programmierung/bilderklein/klein15_08.gif]
