[backblue.gif]
[fade.gif]
[index.html]
[openbook.rheinwerk-verlag.de/c_von_a_bis_z/common/rw_openbook.gif]
[openbook.rheinwerk-verlag.de/c_von_a_bis_z/common/rw_computing.gif]
[openbook.rheinwerk-verlag.de/c_von_a_bis_z/common/spacer10.gif]
[openbook.rheinwerk-verlag.de/c_von_a_bis_z/common/9783836214117.gif]
[openbook.rheinwerk-verlag.de/c_von_a_bis_z/common/pfeil_rechts5.gif]
[openbook.rheinwerk-verlag.de/c_von_a_bis_z/common/top.gif]
[openbook.rheinwerk-verlag.de/c_von_a_bis_z/common/leer.gif]
[openbook.rheinwerk-verlag.de/c_von_a_bis_z/common/1411.gif]
[openbook.rheinwerk-verlag.de/c_von_a_bis_z/common/2757.gif]
[openbook.rheinwerk-verlag.de/c_von_a_bis_z/common/2793.gif]
[openbook.rheinwerk-verlag.de/c_von_a_bis_z/common/1756.gif]
[openbook.rheinwerk-verlag.de/c_von_a_bis_z/common/2021.gif]
[openbook.rheinwerk-verlag.de/c_von_a_bis_z/common/2234.gif]
[openbook.rheinwerk-verlag.de/c_von_a_bis_z/index.html]
[openbook.rheinwerk-verlag.de/c_von_a_bis_z/common/gp.gif]
[openbook.rheinwerk-verlag.de/c_von_a_bis_z/common/gp2.gif]
[openbook.rheinwerk-verlag.de/c_von_a_bis_z/common/eg.gif]
[openbook.rheinwerk-verlag.de/c_von_a_bis_z/common/back_blau_weiss.gif]
[openbook.rheinwerk-verlag.de/c_von_a_bis_z/common/rw_open.css]
[openbook.rheinwerk-verlag.de/c_von_a_bis_z/common/prettify.css]
[openbook.rheinwerk-verlag.de/c_von_a_bis_z/common/prettify.js]
[openbook.rheinwerk-verlag.de/c_von_a_bis_z/index-2.html]
[openbook.rheinwerk-verlag.de/c_von_a_bis_z/common/pfeil_u.gif]
[openbook.rheinwerk-verlag.de/c_von_a_bis_z/common/15x15leer.gif]
[openbook.rheinwerk-verlag.de/c_von_a_bis_z/000_c_vorwort_001.html]
[openbook.rheinwerk-verlag.de/c_von_a_bis_z/000_c_vorwort_gutachter_001.html]
[openbook.rheinwerk-verlag.de/c_von_a_bis_z/001_c_einstieg_in_c_001.html]
[openbook.rheinwerk-verlag.de/c_von_a_bis_z/002_c_das_erste_programm_001.html]
[openbook.rheinwerk-verlag.de/c_von_a_bis_z/common/down.gif]
[openbook.rheinwerk-verlag.de/c_von_a_bis_z/bilder/03_001.gif]
[openbook.rheinwerk-verlag.de/c_von_a_bis_z/bilderklein/klein03_001.gif]
[openbook.rheinwerk-verlag.de/c_von_a_bis_z/003_c_grundlagen_001.html]
[openbook.rheinwerk-verlag.de/c_von_a_bis_z/common/icons/Enter.gif]
[openbook.rheinwerk-verlag.de/c_von_a_bis_z/bilder/04_001.gif]
[openbook.rheinwerk-verlag.de/c_von_a_bis_z/bilderklein/klein04_001.gif]
[openbook.rheinwerk-verlag.de/c_von_a_bis_z/bilder/04_002.gif]
[openbook.rheinwerk-verlag.de/c_von_a_bis_z/bilderklein/klein04_002.gif]
[openbook.rheinwerk-verlag.de/c_von_a_bis_z/bilder/04_003.gif]
[openbook.rheinwerk-verlag.de/c_von_a_bis_z/bilderklein/klein04_003.gif]
[openbook.rheinwerk-verlag.de/c_von_a_bis_z/bilder/04_004.gif]
[openbook.rheinwerk-verlag.de/c_von_a_bis_z/bilderklein/klein04_004.gif]
[openbook.rheinwerk-verlag.de/c_von_a_bis_z/bilder/04_005.gif]
[openbook.rheinwerk-verlag.de/c_von_a_bis_z/bilderklein/klein04_005.gif]
[openbook.rheinwerk-verlag.de/c_von_a_bis_z/004_c_ein_ausgabe_001.html]
[openbook.rheinwerk-verlag.de/c_von_a_bis_z/005_c_basisdatentypen_001.html]
[openbook.rheinwerk-verlag.de/c_von_a_bis_z/006_c_operatoren_001.html]
[openbook.rheinwerk-verlag.de/c_von_a_bis_z/007_c_typumwandlung_001.html]
[openbook.rheinwerk-verlag.de/c_von_a_bis_z/bilder/08_001.gif]
[openbook.rheinwerk-verlag.de/c_von_a_bis_z/bilderklein/klein08_001.gif]
[openbook.rheinwerk-verlag.de/c_von_a_bis_z/bilder/08_002.gif]
[openbook.rheinwerk-verlag.de/c_von_a_bis_z/bilderklein/klein08_002.gif]
[openbook.rheinwerk-verlag.de/c_von_a_bis_z/008_c_kontrollstrukturen_001.html]
[openbook.rheinwerk-verlag.de/c_von_a_bis_z/009_c_funktionen_001.html]
[openbook.rheinwerk-verlag.de/c_von_a_bis_z/bilder/10_001.gif]
[openbook.rheinwerk-verlag.de/c_von_a_bis_z/010_c_praeprozessor_001.html]
[openbook.rheinwerk-verlag.de/c_von_a_bis_z/bilderklein/klein10_001.gif]
[openbook.rheinwerk-verlag.de/c_von_a_bis_z/bilder/11_001.gif]
[openbook.rheinwerk-verlag.de/c_von_a_bis_z/011_c_arrays_001.html]
[openbook.rheinwerk-verlag.de/c_von_a_bis_z/012_c_zeiger_001.html]
[openbook.rheinwerk-verlag.de/c_von_a_bis_z/bilderklein/klein11_001.gif]
[openbook.rheinwerk-verlag.de/c_von_a_bis_z/bilder/13_001.gif]
[openbook.rheinwerk-verlag.de/c_von_a_bis_z/bilderklein/klein13_001.gif]
[openbook.rheinwerk-verlag.de/c_von_a_bis_z/bilder/13_002.gif]
[openbook.rheinwerk-verlag.de/c_von_a_bis_z/bilderklein/klein13_002.gif]
[openbook.rheinwerk-verlag.de/c_von_a_bis_z/bilder/13_003.gif]
[openbook.rheinwerk-verlag.de/c_von_a_bis_z/013_c_kommandozeilenargumente_001.html]
[openbook.rheinwerk-verlag.de/c_von_a_bis_z/014_c_dyn_speicherverwaltung_001.html]
[openbook.rheinwerk-verlag.de/c_von_a_bis_z/bilderklein/klein13_003.gif]
[openbook.rheinwerk-verlag.de/c_von_a_bis_z/bilder/15_001.gif]
[openbook.rheinwerk-verlag.de/c_von_a_bis_z/bilderklein/klein15_001.gif]
[openbook.rheinwerk-verlag.de/c_von_a_bis_z/015_c_strukturen_001.html]
[openbook.rheinwerk-verlag.de/c_von_a_bis_z/016_c_ein_ausgabe_funktionen_001.html]
[openbook.rheinwerk-verlag.de/c_von_a_bis_z/bilder/17_001.gif]
[openbook.rheinwerk-verlag.de/c_von_a_bis_z/bilderklein/klein17_001.gif]
[openbook.rheinwerk-verlag.de/c_von_a_bis_z/bilder/17_002.gif]
[openbook.rheinwerk-verlag.de/c_von_a_bis_z/bilderklein/klein17_002.gif]
[openbook.rheinwerk-verlag.de/c_von_a_bis_z/bilder/17_003.gif]
[openbook.rheinwerk-verlag.de/c_von_a_bis_z/bilderklein/klein17_003.gif]
[openbook.rheinwerk-verlag.de/c_von_a_bis_z/bilder/17_004.gif]
[openbook.rheinwerk-verlag.de/c_von_a_bis_z/bilderklein/klein17_004.gif]
[openbook.rheinwerk-verlag.de/c_von_a_bis_z/bilder/17_005.gif]
[openbook.rheinwerk-verlag.de/c_von_a_bis_z/017_c_dateien_verzeichnisse_001.html]
[openbook.rheinwerk-verlag.de/c_von_a_bis_z/018_c_stdarg_h_001.html]
[openbook.rheinwerk-verlag.de/c_von_a_bis_z/bilderklein/klein17_005.gif]
[openbook.rheinwerk-verlag.de/c_von_a_bis_z/bilder/19_001.gif]
[openbook.rheinwerk-verlag.de/c_von_a_bis_z/bilderklein/klein19_001.gif]
[openbook.rheinwerk-verlag.de/c_von_a_bis_z/bilder/19_002.gif]
[openbook.rheinwerk-verlag.de/c_von_a_bis_z/bilderklein/klein19_002.gif]
[openbook.rheinwerk-verlag.de/c_von_a_bis_z/bilder/19_003.gif]
[openbook.rheinwerk-verlag.de/c_von_a_bis_z/019_c_zeitroutinen_001.html]
[openbook.rheinwerk-verlag.de/c_von_a_bis_z/020_c_headerdateien_001.html]
[openbook.rheinwerk-verlag.de/c_von_a_bis_z/bilderklein/klein19_003.gif]
[openbook.rheinwerk-verlag.de/c_von_a_bis_z/bilder/21_001.gif]
[openbook.rheinwerk-verlag.de/c_von_a_bis_z/bilderklein/klein21_001.gif]
[openbook.rheinwerk-verlag.de/c_von_a_bis_z/bilder/21_002.gif]
[openbook.rheinwerk-verlag.de/c_von_a_bis_z/bilderklein/klein21_002.gif]
[openbook.rheinwerk-verlag.de/c_von_a_bis_z/bilder/21_003.gif]
[openbook.rheinwerk-verlag.de/c_von_a_bis_z/bilderklein/klein21_003.gif]
[openbook.rheinwerk-verlag.de/c_von_a_bis_z/bilder/21_004.gif]
[openbook.rheinwerk-verlag.de/c_von_a_bis_z/bilderklein/klein21_004.gif]
[openbook.rheinwerk-verlag.de/c_von_a_bis_z/bilder/21_005.gif]
[openbook.rheinwerk-verlag.de/c_von_a_bis_z/bilderklein/klein21_005.gif]
[openbook.rheinwerk-verlag.de/c_von_a_bis_z/bilder/21_006.gif]
[openbook.rheinwerk-verlag.de/c_von_a_bis_z/bilderklein/klein21_006.gif]
[openbook.rheinwerk-verlag.de/c_von_a_bis_z/bilder/21_007.gif]
[openbook.rheinwerk-verlag.de/c_von_a_bis_z/bilderklein/klein21_007.gif]
[openbook.rheinwerk-verlag.de/c_von_a_bis_z/bilder/21_008.gif]
[openbook.rheinwerk-verlag.de/c_von_a_bis_z/bilderklein/klein21_008.gif]
[openbook.rheinwerk-verlag.de/c_von_a_bis_z/bilder/21_009.gif]
[openbook.rheinwerk-verlag.de/c_von_a_bis_z/bilderklein/klein21_009.gif]
[openbook.rheinwerk-verlag.de/c_von_a_bis_z/bilder/21_010.gif]
[openbook.rheinwerk-verlag.de/c_von_a_bis_z/bilderklein/klein21_010.gif]
[openbook.rheinwerk-verlag.de/c_von_a_bis_z/bilder/21_011.gif]
[openbook.rheinwerk-verlag.de/c_von_a_bis_z/bilderklein/klein21_011.gif]
[openbook.rheinwerk-verlag.de/c_von_a_bis_z/bilder/21_012.gif]
[openbook.rheinwerk-verlag.de/c_von_a_bis_z/bilderklein/klein21_012.gif]
[openbook.rheinwerk-verlag.de/c_von_a_bis_z/bilder/21_013.gif]
[openbook.rheinwerk-verlag.de/c_von_a_bis_z/bilderklein/klein21_013.gif]
[openbook.rheinwerk-verlag.de/c_von_a_bis_z/bilder/21_014.gif]
[openbook.rheinwerk-verlag.de/c_von_a_bis_z/bilderklein/klein21_014.gif]
[openbook.rheinwerk-verlag.de/c_von_a_bis_z/bilder/21_015.gif]
[openbook.rheinwerk-verlag.de/c_von_a_bis_z/bilderklein/klein21_015.gif]
[openbook.rheinwerk-verlag.de/c_von_a_bis_z/bilder/21_016.gif]
[openbook.rheinwerk-verlag.de/c_von_a_bis_z/bilderklein/klein21_016.gif]
[openbook.rheinwerk-verlag.de/c_von_a_bis_z/bilder/21_017.gif]
[openbook.rheinwerk-verlag.de/c_von_a_bis_z/bilderklein/klein21_017.gif]
[openbook.rheinwerk-verlag.de/c_von_a_bis_z/bilder/21_018.gif]
[openbook.rheinwerk-verlag.de/c_von_a_bis_z/bilderklein/klein21_018.gif]
[openbook.rheinwerk-verlag.de/c_von_a_bis_z/bilder/21_019.gif]
[openbook.rheinwerk-verlag.de/c_von_a_bis_z/bilderklein/klein21_019.gif]
[openbook.rheinwerk-verlag.de/c_von_a_bis_z/bilder/21_020.gif]
[openbook.rheinwerk-verlag.de/c_von_a_bis_z/bilderklein/klein21_020.gif]
[openbook.rheinwerk-verlag.de/c_von_a_bis_z/bilder/21_021.gif]
[openbook.rheinwerk-verlag.de/c_von_a_bis_z/bilderklein/klein21_021.gif]
[openbook.rheinwerk-verlag.de/c_von_a_bis_z/021_c_dyn_datenstrukturen_001.html]
[openbook.rheinwerk-verlag.de/c_von_a_bis_z/022_c_algorithmen_001.html]
[openbook.rheinwerk-verlag.de/c_von_a_bis_z/023_c_cgi_001.html]
[openbook.rheinwerk-verlag.de/c_von_a_bis_z/bilder/24_001.gif]
[openbook.rheinwerk-verlag.de/c_von_a_bis_z/bilderklein/klein24_001.gif]
[openbook.rheinwerk-verlag.de/c_von_a_bis_z/bilder/24_002.gif]
[openbook.rheinwerk-verlag.de/c_von_a_bis_z/024_c_mysql_001.html]
[openbook.rheinwerk-verlag.de/c_von_a_bis_z/bilderklein/klein24_002.gif]
[openbook.rheinwerk-verlag.de/c_von_a_bis_z/bilder/25_001.gif]
[openbook.rheinwerk-verlag.de/c_von_a_bis_z/bilderklein/klein25_001.gif]
[openbook.rheinwerk-verlag.de/c_von_a_bis_z/025_c_netzwerkprogrammierung_001.html]
[openbook.rheinwerk-verlag.de/c_von_a_bis_z/026_c_paralleles_rechnen_001.html]
[openbook.rheinwerk-verlag.de/c_von_a_bis_z/bilder/27_001.gif]
[openbook.rheinwerk-verlag.de/c_von_a_bis_z/bilderklein/klein27_001.gif]
[openbook.rheinwerk-verlag.de/c_von_a_bis_z/bilder/27_002.gif]
[openbook.rheinwerk-verlag.de/c_von_a_bis_z/bilderklein/klein27_002.gif]
[openbook.rheinwerk-verlag.de/c_von_a_bis_z/bilder/27_003.gif]
[openbook.rheinwerk-verlag.de/c_von_a_bis_z/bilderklein/klein27_003.gif]
[openbook.rheinwerk-verlag.de/c_von_a_bis_z/bilder/27_004.gif]
[openbook.rheinwerk-verlag.de/c_von_a_bis_z/027_c_sicheres_programmieren_001.html]
[openbook.rheinwerk-verlag.de/c_von_a_bis_z/bilderklein/klein27_004.gif]
[openbook.rheinwerk-verlag.de/c_von_a_bis_z/028_c_weiterfuehrendes_001.html]
[openbook.rheinwerk-verlag.de/c_von_a_bis_z/029_c_anhang_a_001.html]
[openbook.rheinwerk-verlag.de/c_von_a_bis_z/030_c_anhang_b_001.html]
[openbook.rheinwerk-verlag.de/c_von_a_bis_z/stichwort.html]
[openbook.rheinwerk-verlag.de/c_von_a_bis_z/001_c_einstieg_in_c_002.html]
[openbook.rheinwerk-verlag.de/c_von_a_bis_z/001_c_einstieg_in_c_003.html]
[openbook.rheinwerk-verlag.de/c_von_a_bis_z/001_c_einstieg_in_c_004.html]
[openbook.rheinwerk-verlag.de/c_von_a_bis_z/001_c_einstieg_in_c_005.html]
[openbook.rheinwerk-verlag.de/c_von_a_bis_z/001_c_einstieg_in_c_006.html]
[openbook.rheinwerk-verlag.de/c_von_a_bis_z/001_c_einstieg_in_c_007.html]
[openbook.rheinwerk-verlag.de/c_von_a_bis_z/bilder/02_001.gif]
[openbook.rheinwerk-verlag.de/c_von_a_bis_z/bilderklein/klein02_001.gif]
[openbook.rheinwerk-verlag.de/c_von_a_bis_z/bilder/02_002.gif]
[openbook.rheinwerk-verlag.de/c_von_a_bis_z/bilderklein/klein02_002.gif]
[openbook.rheinwerk-verlag.de/c_von_a_bis_z/002_c_das_erste_programm_002.html]
[openbook.rheinwerk-verlag.de/c_von_a_bis_z/002_c_das_erste_programm_003.html]
[openbook.rheinwerk-verlag.de/c_von_a_bis_z/003_c_grundlagen_002.html]
[openbook.rheinwerk-verlag.de/c_von_a_bis_z/bilder/04_006.gif]
[openbook.rheinwerk-verlag.de/c_von_a_bis_z/bilderklein/klein04_006.gif]
[openbook.rheinwerk-verlag.de/c_von_a_bis_z/004_c_ein_ausgabe_002.html]
[openbook.rheinwerk-verlag.de/c_von_a_bis_z/005_c_basisdatentypen_002.html]
[openbook.rheinwerk-verlag.de/c_von_a_bis_z/bilder/05_001.gif]
[openbook.rheinwerk-verlag.de/c_von_a_bis_z/bilderklein/klein05_001.gif]
[openbook.rheinwerk-verlag.de/c_von_a_bis_z/005_c_basisdatentypen_003.html]
[openbook.rheinwerk-verlag.de/c_von_a_bis_z/005_c_basisdatentypen_004.html]
[openbook.rheinwerk-verlag.de/c_von_a_bis_z/005_c_basisdatentypen_005.html]
[openbook.rheinwerk-verlag.de/c_von_a_bis_z/005_c_basisdatentypen_006.html]
[openbook.rheinwerk-verlag.de/c_von_a_bis_z/005_c_basisdatentypen_007.html]
[openbook.rheinwerk-verlag.de/c_von_a_bis_z/bilder/05_002.gif]
[openbook.rheinwerk-verlag.de/c_von_a_bis_z/bilderklein/klein05_002.gif]
[openbook.rheinwerk-verlag.de/c_von_a_bis_z/bilder/05_003.gif]
[openbook.rheinwerk-verlag.de/c_von_a_bis_z/bilderklein/klein05_003.gif]
[openbook.rheinwerk-verlag.de/c_von_a_bis_z/bilder/05_004.gif]
[openbook.rheinwerk-verlag.de/c_von_a_bis_z/bilderklein/klein05_004.gif]
[openbook.rheinwerk-verlag.de/c_von_a_bis_z/005_c_basisdatentypen_008.html]
[openbook.rheinwerk-verlag.de/c_von_a_bis_z/005_c_basisdatentypen_009.html]
[openbook.rheinwerk-verlag.de/c_von_a_bis_z/005_c_basisdatentypen_010.html]
[openbook.rheinwerk-verlag.de/c_von_a_bis_z/bilder/05_005.gif]
[openbook.rheinwerk-verlag.de/c_von_a_bis_z/bilderklein/klein05_005.gif]
[openbook.rheinwerk-verlag.de/c_von_a_bis_z/bilder/05_006.gif]
[openbook.rheinwerk-verlag.de/c_von_a_bis_z/bilderklein/klein05_006.gif]
[openbook.rheinwerk-verlag.de/c_von_a_bis_z/bilder/05_007.gif]
[openbook.rheinwerk-verlag.de/c_von_a_bis_z/bilderklein/klein05_007.gif]
[openbook.rheinwerk-verlag.de/c_von_a_bis_z/bilder/05_008.gif]
[openbook.rheinwerk-verlag.de/c_von_a_bis_z/bilderklein/klein05_008.gif]
[openbook.rheinwerk-verlag.de/c_von_a_bis_z/bilder/05_009.gif]
[openbook.rheinwerk-verlag.de/c_von_a_bis_z/bilderklein/klein05_009.gif]
[openbook.rheinwerk-verlag.de/c_von_a_bis_z/bilder/05_010.gif]
[openbook.rheinwerk-verlag.de/c_von_a_bis_z/bilderklein/klein05_010.gif]
[openbook.rheinwerk-verlag.de/c_von_a_bis_z/005_c_basisdatentypen_011.html]
[openbook.rheinwerk-verlag.de/c_von_a_bis_z/005_c_basisdatentypen_012.html]
[openbook.rheinwerk-verlag.de/c_von_a_bis_z/005_c_basisdatentypen_013.html]
[openbook.rheinwerk-verlag.de/c_von_a_bis_z/005_c_basisdatentypen_014.html]
[openbook.rheinwerk-verlag.de/c_von_a_bis_z/005_c_basisdatentypen_015.html]
[openbook.rheinwerk-verlag.de/c_von_a_bis_z/005_c_basisdatentypen_016.html]
[openbook.rheinwerk-verlag.de/c_von_a_bis_z/005_c_basisdatentypen_017.html]
[openbook.rheinwerk-verlag.de/c_von_a_bis_z/005_c_basisdatentypen_018.html]
[openbook.rheinwerk-verlag.de/c_von_a_bis_z/005_c_basisdatentypen_019.html]
[openbook.rheinwerk-verlag.de/c_von_a_bis_z/bilder/05_011.gif]
[openbook.rheinwerk-verlag.de/c_von_a_bis_z/bilderklein/klein05_011.gif]
[openbook.rheinwerk-verlag.de/c_von_a_bis_z/bilder/05_012.gif]
[openbook.rheinwerk-verlag.de/c_von_a_bis_z/bilderklein/klein05_012.gif]
[openbook.rheinwerk-verlag.de/c_von_a_bis_z/005_c_basisdatentypen_020.html]
[openbook.rheinwerk-verlag.de/c_von_a_bis_z/bilder/06_001.gif]
[openbook.rheinwerk-verlag.de/c_von_a_bis_z/bilderklein/klein06_001.gif]
[openbook.rheinwerk-verlag.de/c_von_a_bis_z/006_c_operatoren_002.html]
[openbook.rheinwerk-verlag.de/c_von_a_bis_z/006_c_operatoren_003.html]
[openbook.rheinwerk-verlag.de/c_von_a_bis_z/bilder/06_002.gif]
[openbook.rheinwerk-verlag.de/c_von_a_bis_z/bilderklein/klein06_002.gif]
[openbook.rheinwerk-verlag.de/c_von_a_bis_z/006_c_operatoren_004.html]
[openbook.rheinwerk-verlag.de/c_von_a_bis_z/bilder/06_003.gif]
[openbook.rheinwerk-verlag.de/c_von_a_bis_z/bilderklein/klein06_003.gif]
[openbook.rheinwerk-verlag.de/c_von_a_bis_z/bilder/06_004.gif]
[openbook.rheinwerk-verlag.de/c_von_a_bis_z/bilderklein/klein06_004.gif]
[openbook.rheinwerk-verlag.de/c_von_a_bis_z/bilder/06_005.gif]
[openbook.rheinwerk-verlag.de/c_von_a_bis_z/bilderklein/klein06_005.gif]
[openbook.rheinwerk-verlag.de/c_von_a_bis_z/bilder/06_006.gif]
[openbook.rheinwerk-verlag.de/c_von_a_bis_z/bilderklein/klein06_006.gif]
[openbook.rheinwerk-verlag.de/c_von_a_bis_z/006_c_operatoren_005.html]
[openbook.rheinwerk-verlag.de/c_von_a_bis_z/006_c_operatoren_006.html]
[openbook.rheinwerk-verlag.de/c_von_a_bis_z/bilder/06_007.gif]
[openbook.rheinwerk-verlag.de/c_von_a_bis_z/bilderklein/klein06_007.gif]
[openbook.rheinwerk-verlag.de/c_von_a_bis_z/006_c_operatoren_007.html]
[openbook.rheinwerk-verlag.de/c_von_a_bis_z/007_c_typumwandlung_002.html]
[openbook.rheinwerk-verlag.de/c_von_a_bis_z/bilder/08_003.gif]
[openbook.rheinwerk-verlag.de/c_von_a_bis_z/008_c_kontrollstrukturen_002.html]
[openbook.rheinwerk-verlag.de/c_von_a_bis_z/bilderklein/klein08_003.gif]
[openbook.rheinwerk-verlag.de/c_von_a_bis_z/bilder/08_004.gif]
[openbook.rheinwerk-verlag.de/c_von_a_bis_z/bilderklein/klein08_004.gif]
[openbook.rheinwerk-verlag.de/c_von_a_bis_z/bilder/08_005.gif]
[openbook.rheinwerk-verlag.de/c_von_a_bis_z/008_c_kontrollstrukturen_003.html]
[openbook.rheinwerk-verlag.de/c_von_a_bis_z/008_c_kontrollstrukturen_004.html]
[openbook.rheinwerk-verlag.de/c_von_a_bis_z/bilderklein/klein08_005.gif]
[openbook.rheinwerk-verlag.de/c_von_a_bis_z/bilder/08_006.gif]
[openbook.rheinwerk-verlag.de/c_von_a_bis_z/bilderklein/klein08_006.gif]
[openbook.rheinwerk-verlag.de/c_von_a_bis_z/bilder/08_007.gif]
[openbook.rheinwerk-verlag.de/c_von_a_bis_z/008_c_kontrollstrukturen_005.html]
[openbook.rheinwerk-verlag.de/c_von_a_bis_z/008_c_kontrollstrukturen_006.html]
[openbook.rheinwerk-verlag.de/c_von_a_bis_z/bilderklein/klein08_007.gif]
[openbook.rheinwerk-verlag.de/c_von_a_bis_z/bilder/08_008.gif]
[openbook.rheinwerk-verlag.de/c_von_a_bis_z/008_c_kontrollstrukturen_007.html]
[openbook.rheinwerk-verlag.de/c_von_a_bis_z/bilderklein/klein08_008.gif]
[openbook.rheinwerk-verlag.de/c_von_a_bis_z/bilder/08_009.gif]
[openbook.rheinwerk-verlag.de/c_von_a_bis_z/008_c_kontrollstrukturen_008.html]
[openbook.rheinwerk-verlag.de/c_von_a_bis_z/bilderklein/klein08_009.gif]
[openbook.rheinwerk-verlag.de/c_von_a_bis_z/bilder/08_010.gif]
[openbook.rheinwerk-verlag.de/c_von_a_bis_z/008_c_kontrollstrukturen_009.html]
[openbook.rheinwerk-verlag.de/c_von_a_bis_z/bilderklein/klein08_010.gif]
[openbook.rheinwerk-verlag.de/c_von_a_bis_z/bilder/08_011.gif]
[openbook.rheinwerk-verlag.de/c_von_a_bis_z/008_c_kontrollstrukturen_010.html]
[openbook.rheinwerk-verlag.de/c_von_a_bis_z/008_c_kontrollstrukturen_011.html]
[openbook.rheinwerk-verlag.de/c_von_a_bis_z/008_c_kontrollstrukturen_012.html]
[openbook.rheinwerk-verlag.de/c_von_a_bis_z/008_c_kontrollstrukturen_013.html]
[openbook.rheinwerk-verlag.de/c_von_a_bis_z/009_c_funktionen_002.html]
[openbook.rheinwerk-verlag.de/c_von_a_bis_z/009_c_funktionen_003.html]
[openbook.rheinwerk-verlag.de/c_von_a_bis_z/bilderklein/klein08_011.gif]
[openbook.rheinwerk-verlag.de/c_von_a_bis_z/bilder/09_001.gif]
[openbook.rheinwerk-verlag.de/c_von_a_bis_z/009_c_funktionen_004.html]
[openbook.rheinwerk-verlag.de/c_von_a_bis_z/009_c_funktionen_005.html]
[openbook.rheinwerk-verlag.de/c_von_a_bis_z/009_c_funktionen_006.html]
[openbook.rheinwerk-verlag.de/c_von_a_bis_z/009_c_funktionen_007.html]
[openbook.rheinwerk-verlag.de/c_von_a_bis_z/009_c_funktionen_008.html]
[openbook.rheinwerk-verlag.de/c_von_a_bis_z/009_c_funktionen_009.html]
[openbook.rheinwerk-verlag.de/c_von_a_bis_z/009_c_funktionen_010.html]
[openbook.rheinwerk-verlag.de/c_von_a_bis_z/bilderklein/klein09_001.gif]
[openbook.rheinwerk-verlag.de/c_von_a_bis_z/bilder/09_002.gif]
[openbook.rheinwerk-verlag.de/c_von_a_bis_z/bilderklein/klein09_002.gif]
[openbook.rheinwerk-verlag.de/c_von_a_bis_z/009_c_funktionen_011.html]
[openbook.rheinwerk-verlag.de/c_von_a_bis_z/009_c_funktionen_012.html]
[openbook.rheinwerk-verlag.de/c_von_a_bis_z/009_c_funktionen_013.html]
[openbook.rheinwerk-verlag.de/c_von_a_bis_z/009_c_funktionen_014.html]
[openbook.rheinwerk-verlag.de/c_von_a_bis_z/009_c_funktionen_015.html]
[openbook.rheinwerk-verlag.de/c_von_a_bis_z/bilder/09_003.gif]
[openbook.rheinwerk-verlag.de/c_von_a_bis_z/bilderklein/klein09_003.gif]
[openbook.rheinwerk-verlag.de/c_von_a_bis_z/009_c_funktionen_016.html]
[openbook.rheinwerk-verlag.de/c_von_a_bis_z/009_c_funktionen_017.html]
[openbook.rheinwerk-verlag.de/c_von_a_bis_z/009_c_funktionen_018.html]
[openbook.rheinwerk-verlag.de/c_von_a_bis_z/bilder/09_004.gif]
[openbook.rheinwerk-verlag.de/c_von_a_bis_z/bilderklein/klein09_004.gif]
[openbook.rheinwerk-verlag.de/c_von_a_bis_z/009_c_funktionen_019.html]
[openbook.rheinwerk-verlag.de/c_von_a_bis_z/bilder/09_005.gif]
[openbook.rheinwerk-verlag.de/c_von_a_bis_z/bilderklein/klein09_005.gif]
[openbook.rheinwerk-verlag.de/c_von_a_bis_z/bilder/09_006.gif]
[openbook.rheinwerk-verlag.de/c_von_a_bis_z/bilderklein/klein09_006.gif]
[openbook.rheinwerk-verlag.de/c_von_a_bis_z/bilder/09_007.gif]
[openbook.rheinwerk-verlag.de/c_von_a_bis_z/bilderklein/klein09_007.gif]
[openbook.rheinwerk-verlag.de/c_von_a_bis_z/bilder/09_008.gif]
[openbook.rheinwerk-verlag.de/c_von_a_bis_z/bilderklein/klein09_008.gif]
[openbook.rheinwerk-verlag.de/c_von_a_bis_z/bilder/09_009.gif]
[openbook.rheinwerk-verlag.de/c_von_a_bis_z/bilderklein/klein09_009.gif]
[openbook.rheinwerk-verlag.de/c_von_a_bis_z/bilder/09_010.gif]
[openbook.rheinwerk-verlag.de/c_von_a_bis_z/bilderklein/klein09_010.gif]
[openbook.rheinwerk-verlag.de/c_von_a_bis_z/009_c_funktionen_020.html]
[openbook.rheinwerk-verlag.de/c_von_a_bis_z/009_c_funktionen_021.html]
[openbook.rheinwerk-verlag.de/c_von_a_bis_z/010_c_praeprozessor_002.html]
[openbook.rheinwerk-verlag.de/c_von_a_bis_z/bilder/10_002.gif]
[openbook.rheinwerk-verlag.de/c_von_a_bis_z/bilderklein/klein10_002.gif]
[openbook.rheinwerk-verlag.de/c_von_a_bis_z/bilder/10_003.gif]
[openbook.rheinwerk-verlag.de/c_von_a_bis_z/bilderklein/klein10_003.gif]
[openbook.rheinwerk-verlag.de/c_von_a_bis_z/010_c_praeprozessor_003.html]
[openbook.rheinwerk-verlag.de/c_von_a_bis_z/010_c_praeprozessor_004.html]
[openbook.rheinwerk-verlag.de/c_von_a_bis_z/bilder/10_004.gif]
[openbook.rheinwerk-verlag.de/c_von_a_bis_z/bilderklein/klein10_004.gif]
[openbook.rheinwerk-verlag.de/c_von_a_bis_z/common/9783836214117_s.gif]
[openbook.rheinwerk-verlag.de/c_von_a_bis_z/010_c_praeprozessor_005.html]
[openbook.rheinwerk-verlag.de/c_von_a_bis_z/010_c_praeprozessor_006.html]
[openbook.rheinwerk-verlag.de/c_von_a_bis_z/010_c_praeprozessor_007.html]
[openbook.rheinwerk-verlag.de/c_von_a_bis_z/010_c_praeprozessor_008.html]
[openbook.rheinwerk-verlag.de/c_von_a_bis_z/bilder/11_002.gif]
[openbook.rheinwerk-verlag.de/c_von_a_bis_z/bilderklein/klein11_002.gif]
[openbook.rheinwerk-verlag.de/c_von_a_bis_z/bilder/11_003.gif]
[openbook.rheinwerk-verlag.de/c_von_a_bis_z/bilderklein/klein11_003.gif]
[openbook.rheinwerk-verlag.de/c_von_a_bis_z/bilder/11_004.gif]
[openbook.rheinwerk-verlag.de/c_von_a_bis_z/bilderklein/klein11_004.gif]
[openbook.rheinwerk-verlag.de/c_von_a_bis_z/011_c_arrays_002.html]
[openbook.rheinwerk-verlag.de/c_von_a_bis_z/011_c_arrays_003.html]
[openbook.rheinwerk-verlag.de/c_von_a_bis_z/011_c_arrays_004.html]
[openbook.rheinwerk-verlag.de/c_von_a_bis_z/011_c_arrays_005.html]
[openbook.rheinwerk-verlag.de/c_von_a_bis_z/011_c_arrays_006.html]
[openbook.rheinwerk-verlag.de/c_von_a_bis_z/bilder/11_005.gif]
[openbook.rheinwerk-verlag.de/c_von_a_bis_z/bilderklein/klein11_005.gif]
[openbook.rheinwerk-verlag.de/c_von_a_bis_z/011_c_arrays_007.html]
[openbook.rheinwerk-verlag.de/c_von_a_bis_z/011_c_arrays_008.html]
[openbook.rheinwerk-verlag.de/c_von_a_bis_z/bilder/11_006.gif]
[openbook.rheinwerk-verlag.de/c_von_a_bis_z/bilderklein/klein11_006.gif]
[openbook.rheinwerk-verlag.de/c_von_a_bis_z/bilder/11_007.gif]
[openbook.rheinwerk-verlag.de/c_von_a_bis_z/bilderklein/klein11_007.gif]
[openbook.rheinwerk-verlag.de/c_von_a_bis_z/bilder/11_008.gif]
[openbook.rheinwerk-verlag.de/c_von_a_bis_z/bilderklein/klein11_008.gif]
[openbook.rheinwerk-verlag.de/c_von_a_bis_z/bilder/11_009.gif]
[openbook.rheinwerk-verlag.de/c_von_a_bis_z/bilderklein/klein11_009.gif]
[openbook.rheinwerk-verlag.de/c_von_a_bis_z/bilder/11_010.gif]
[openbook.rheinwerk-verlag.de/c_von_a_bis_z/011_c_arrays_009.html]
[openbook.rheinwerk-verlag.de/c_von_a_bis_z/bilderklein/klein11_010.gif]
[openbook.rheinwerk-verlag.de/c_von_a_bis_z/bilder/11_011.gif]
[openbook.rheinwerk-verlag.de/c_von_a_bis_z/011_c_arrays_010.html]
[openbook.rheinwerk-verlag.de/c_von_a_bis_z/bilderklein/klein11_011.gif]
[openbook.rheinwerk-verlag.de/c_von_a_bis_z/bilder/11_012.gif]
[openbook.rheinwerk-verlag.de/c_von_a_bis_z/011_c_arrays_011.html]
[openbook.rheinwerk-verlag.de/c_von_a_bis_z/bilderklein/klein11_012.gif]
[openbook.rheinwerk-verlag.de/c_von_a_bis_z/bilder/11_013.gif]
[openbook.rheinwerk-verlag.de/c_von_a_bis_z/bilderklein/klein11_013.gif]
[openbook.rheinwerk-verlag.de/c_von_a_bis_z/011_c_arrays_012.html]
[openbook.rheinwerk-verlag.de/c_von_a_bis_z/bilder/11_014.gif]
[openbook.rheinwerk-verlag.de/c_von_a_bis_z/bilderklein/klein11_014.gif]
[openbook.rheinwerk-verlag.de/c_von_a_bis_z/011_c_arrays_013.html]
[openbook.rheinwerk-verlag.de/c_von_a_bis_z/bilder/12_001.gif]
[openbook.rheinwerk-verlag.de/c_von_a_bis_z/bilderklein/klein12_001.gif]
[openbook.rheinwerk-verlag.de/c_von_a_bis_z/bilder/12_002.gif]
[openbook.rheinwerk-verlag.de/c_von_a_bis_z/bilderklein/klein12_002.gif]
[openbook.rheinwerk-verlag.de/c_von_a_bis_z/bilder/12_003.gif]
[openbook.rheinwerk-verlag.de/c_von_a_bis_z/bilderklein/klein12_003.gif]
[openbook.rheinwerk-verlag.de/c_von_a_bis_z/bilder/12_004.gif]
[openbook.rheinwerk-verlag.de/c_von_a_bis_z/bilderklein/klein12_004.gif]
[openbook.rheinwerk-verlag.de/c_von_a_bis_z/bilder/12_005.gif]
[openbook.rheinwerk-verlag.de/c_von_a_bis_z/bilderklein/klein12_005.gif]
[openbook.rheinwerk-verlag.de/c_von_a_bis_z/bilder/12_006.gif]
[openbook.rheinwerk-verlag.de/c_von_a_bis_z/bilderklein/klein12_006.gif]
[openbook.rheinwerk-verlag.de/c_von_a_bis_z/bilder/12_007.gif]
[openbook.rheinwerk-verlag.de/c_von_a_bis_z/bilderklein/klein12_007.gif]
[openbook.rheinwerk-verlag.de/c_von_a_bis_z/bilder/12_008.gif]
[openbook.rheinwerk-verlag.de/c_von_a_bis_z/bilderklein/klein12_008.gif]
[openbook.rheinwerk-verlag.de/c_von_a_bis_z/bilder/12_009.gif]
[openbook.rheinwerk-verlag.de/c_von_a_bis_z/012_c_zeiger_002.html]
[openbook.rheinwerk-verlag.de/c_von_a_bis_z/012_c_zeiger_003.html]
[openbook.rheinwerk-verlag.de/c_von_a_bis_z/bilderklein/klein12_009.gif]
[openbook.rheinwerk-verlag.de/c_von_a_bis_z/bilder/12_010.gif]
[openbook.rheinwerk-verlag.de/c_von_a_bis_z/012_c_zeiger_004.html]
[openbook.rheinwerk-verlag.de/c_von_a_bis_z/012_c_zeiger_005.html]
[openbook.rheinwerk-verlag.de/c_von_a_bis_z/bilderklein/klein12_010.gif]
[openbook.rheinwerk-verlag.de/c_von_a_bis_z/bilder/12_011.gif]
[openbook.rheinwerk-verlag.de/c_von_a_bis_z/bilderklein/klein12_011.gif]
[openbook.rheinwerk-verlag.de/c_von_a_bis_z/bilder/12_012.gif]
[openbook.rheinwerk-verlag.de/c_von_a_bis_z/bilderklein/klein12_012.gif]
[openbook.rheinwerk-verlag.de/c_von_a_bis_z/bilder/12_013.gif]
[openbook.rheinwerk-verlag.de/c_von_a_bis_z/012_c_zeiger_006.html]
[openbook.rheinwerk-verlag.de/c_von_a_bis_z/bilderklein/klein12_013.gif]
[openbook.rheinwerk-verlag.de/c_von_a_bis_z/bilder/12_014.gif]
[openbook.rheinwerk-verlag.de/c_von_a_bis_z/bilderklein/klein12_014.gif]
[openbook.rheinwerk-verlag.de/c_von_a_bis_z/bilder/12_015.gif]
[openbook.rheinwerk-verlag.de/c_von_a_bis_z/bilderklein/klein12_015.gif]
[openbook.rheinwerk-verlag.de/c_von_a_bis_z/bilder/12_016.gif]
[openbook.rheinwerk-verlag.de/c_von_a_bis_z/bilderklein/klein12_016.gif]
[openbook.rheinwerk-verlag.de/c_von_a_bis_z/bilder/12_017.gif]
[openbook.rheinwerk-verlag.de/c_von_a_bis_z/012_c_zeiger_007.html]
[openbook.rheinwerk-verlag.de/c_von_a_bis_z/012_c_zeiger_008.html]
[openbook.rheinwerk-verlag.de/c_von_a_bis_z/bilderklein/klein12_017.gif]
[openbook.rheinwerk-verlag.de/c_von_a_bis_z/bilder/12_018.gif]
[openbook.rheinwerk-verlag.de/c_von_a_bis_z/bilderklein/klein12_018.gif]
[openbook.rheinwerk-verlag.de/c_von_a_bis_z/bilder/12_019.gif]
[openbook.rheinwerk-verlag.de/c_von_a_bis_z/bilderklein/klein12_019.gif]
[openbook.rheinwerk-verlag.de/c_von_a_bis_z/012_c_zeiger_009.html]
[openbook.rheinwerk-verlag.de/c_von_a_bis_z/bilder/12_020.gif]
[openbook.rheinwerk-verlag.de/c_von_a_bis_z/bilderklein/klein12_020.gif]
[openbook.rheinwerk-verlag.de/c_von_a_bis_z/012_c_zeiger_010.html]
[openbook.rheinwerk-verlag.de/c_von_a_bis_z/012_c_zeiger_011.html]
[openbook.rheinwerk-verlag.de/c_von_a_bis_z/012_c_zeiger_012.html]
[openbook.rheinwerk-verlag.de/c_von_a_bis_z/012_c_zeiger_013.html]
[openbook.rheinwerk-verlag.de/c_von_a_bis_z/013_c_kommandozeilenargumente_002.html]
[openbook.rheinwerk-verlag.de/c_von_a_bis_z/common/icons/F7.gif]
[openbook.rheinwerk-verlag.de/c_von_a_bis_z/bilder/14_001.gif]
[openbook.rheinwerk-verlag.de/c_von_a_bis_z/bilderklein/klein14_001.gif]
[openbook.rheinwerk-verlag.de/c_von_a_bis_z/bilder/14_002.gif]
[openbook.rheinwerk-verlag.de/c_von_a_bis_z/014_c_dyn_speicherverwaltung_002.html]
[openbook.rheinwerk-verlag.de/c_von_a_bis_z/014_c_dyn_speicherverwaltung_003.html]
[openbook.rheinwerk-verlag.de/c_von_a_bis_z/014_c_dyn_speicherverwaltung_004.html]
[openbook.rheinwerk-verlag.de/c_von_a_bis_z/014_c_dyn_speicherverwaltung_005.html]
[openbook.rheinwerk-verlag.de/c_von_a_bis_z/bilderklein/klein14_002.gif]
[openbook.rheinwerk-verlag.de/c_von_a_bis_z/bilder/14_003.gif]
[openbook.rheinwerk-verlag.de/c_von_a_bis_z/bilderklein/klein14_003.gif]
[openbook.rheinwerk-verlag.de/c_von_a_bis_z/bilder/14_004.gif]
[openbook.rheinwerk-verlag.de/c_von_a_bis_z/bilderklein/klein14_004.gif]
[openbook.rheinwerk-verlag.de/c_von_a_bis_z/bilder/14_005.gif]
[openbook.rheinwerk-verlag.de/c_von_a_bis_z/bilderklein/klein14_005.gif]
[openbook.rheinwerk-verlag.de/c_von_a_bis_z/bilder/14_006.gif]
[openbook.rheinwerk-verlag.de/c_von_a_bis_z/bilderklein/klein14_006.gif]
[openbook.rheinwerk-verlag.de/c_von_a_bis_z/014_c_dyn_speicherverwaltung_006.html]
[openbook.rheinwerk-verlag.de/c_von_a_bis_z/bilder/14_007.gif]
[openbook.rheinwerk-verlag.de/c_von_a_bis_z/bilderklein/klein14_007.gif]
[openbook.rheinwerk-verlag.de/c_von_a_bis_z/bilder/14_008.gif]
[openbook.rheinwerk-verlag.de/c_von_a_bis_z/014_c_dyn_speicherverwaltung_007.html]
[openbook.rheinwerk-verlag.de/c_von_a_bis_z/014_c_dyn_speicherverwaltung_008.html]
[openbook.rheinwerk-verlag.de/c_von_a_bis_z/014_c_dyn_speicherverwaltung_009.html]
[openbook.rheinwerk-verlag.de/c_von_a_bis_z/014_c_dyn_speicherverwaltung_010.html]
[openbook.rheinwerk-verlag.de/c_von_a_bis_z/bilderklein/klein14_008.gif]
[openbook.rheinwerk-verlag.de/c_von_a_bis_z/bilder/14_009.gif]
[openbook.rheinwerk-verlag.de/c_von_a_bis_z/bilderklein/klein14_009.gif]
[openbook.rheinwerk-verlag.de/c_von_a_bis_z/bilder/14_010.gif]
[openbook.rheinwerk-verlag.de/c_von_a_bis_z/014_c_dyn_speicherverwaltung_011.html]
[openbook.rheinwerk-verlag.de/c_von_a_bis_z/014_c_dyn_speicherverwaltung_012.html]
[openbook.rheinwerk-verlag.de/c_von_a_bis_z/bilderklein/klein14_010.gif]
[openbook.rheinwerk-verlag.de/c_von_a_bis_z/bilder/15_002.gif]
[openbook.rheinwerk-verlag.de/c_von_a_bis_z/bilderklein/klein15_002.gif]
[openbook.rheinwerk-verlag.de/c_von_a_bis_z/bilder/15_003.gif]
[openbook.rheinwerk-verlag.de/c_von_a_bis_z/bilderklein/klein15_003.gif]
[openbook.rheinwerk-verlag.de/c_von_a_bis_z/015_c_strukturen_002.html]
[openbook.rheinwerk-verlag.de/c_von_a_bis_z/015_c_strukturen_003.html]
[openbook.rheinwerk-verlag.de/c_von_a_bis_z/015_c_strukturen_004.html]
[openbook.rheinwerk-verlag.de/c_von_a_bis_z/015_c_strukturen_005.html]
[openbook.rheinwerk-verlag.de/c_von_a_bis_z/bilder/15_004.gif]
[openbook.rheinwerk-verlag.de/c_von_a_bis_z/bilderklein/klein15_004.gif]
[openbook.rheinwerk-verlag.de/c_von_a_bis_z/015_c_strukturen_006.html]
[openbook.rheinwerk-verlag.de/c_von_a_bis_z/bilder/15_005.gif]
[openbook.rheinwerk-verlag.de/c_von_a_bis_z/bilderklein/klein15_005.gif]
[openbook.rheinwerk-verlag.de/c_von_a_bis_z/bilder/15_006.gif]
[openbook.rheinwerk-verlag.de/c_von_a_bis_z/bilderklein/klein15_006.gif]
[openbook.rheinwerk-verlag.de/c_von_a_bis_z/bilder/15_007.gif]
[openbook.rheinwerk-verlag.de/c_von_a_bis_z/015_c_strukturen_007.html]
[openbook.rheinwerk-verlag.de/c_von_a_bis_z/015_c_strukturen_008.html]
[openbook.rheinwerk-verlag.de/c_von_a_bis_z/bilderklein/klein15_007.gif]
[openbook.rheinwerk-verlag.de/c_von_a_bis_z/bilder/15_008.gif]
[openbook.rheinwerk-verlag.de/c_von_a_bis_z/bilderklein/klein15_008.gif]
[openbook.rheinwerk-verlag.de/c_von_a_bis_z/bilder/15_009.gif]
[openbook.rheinwerk-verlag.de/c_von_a_bis_z/bilderklein/klein15_009.gif]
[openbook.rheinwerk-verlag.de/c_von_a_bis_z/015_c_strukturen_009.html]
[openbook.rheinwerk-verlag.de/c_von_a_bis_z/015_c_strukturen_010.html]
[openbook.rheinwerk-verlag.de/c_von_a_bis_z/015_c_strukturen_011.html]
[openbook.rheinwerk-verlag.de/c_von_a_bis_z/bilder/15_010.gif]
[openbook.rheinwerk-verlag.de/c_von_a_bis_z/bilderklein/klein15_010.gif]
[openbook.rheinwerk-verlag.de/c_von_a_bis_z/015_c_strukturen_012.html]
[openbook.rheinwerk-verlag.de/c_von_a_bis_z/bilder/15_011.gif]
[openbook.rheinwerk-verlag.de/c_von_a_bis_z/bilderklein/klein15_011.gif]
[openbook.rheinwerk-verlag.de/c_von_a_bis_z/bilder/15_012.gif]
[openbook.rheinwerk-verlag.de/c_von_a_bis_z/bilderklein/klein15_012.gif]
[openbook.rheinwerk-verlag.de/c_von_a_bis_z/bilder/15_013.gif]
[openbook.rheinwerk-verlag.de/c_von_a_bis_z/bilderklein/klein15_013.gif]
[openbook.rheinwerk-verlag.de/c_von_a_bis_z/015_c_strukturen_013.html]
[openbook.rheinwerk-verlag.de/c_von_a_bis_z/015_c_strukturen_014.html]
[openbook.rheinwerk-verlag.de/c_von_a_bis_z/016_c_ein_ausgabe_funktionen_002.html]
[openbook.rheinwerk-verlag.de/c_von_a_bis_z/016_c_ein_ausgabe_funktionen_003.html]
[openbook.rheinwerk-verlag.de/c_von_a_bis_z/016_c_ein_ausgabe_funktionen_004.html]
[openbook.rheinwerk-verlag.de/c_von_a_bis_z/common/icons/Strg.gif]
[openbook.rheinwerk-verlag.de/c_von_a_bis_z/common/icons/Z.gif]
[openbook.rheinwerk-verlag.de/c_von_a_bis_z/common/icons/D.gif]
[openbook.rheinwerk-verlag.de/c_von_a_bis_z/016_c_ein_ausgabe_funktionen_005.html]
[openbook.rheinwerk-verlag.de/c_von_a_bis_z/common/icons/Q.gif]
[openbook.rheinwerk-verlag.de/c_von_a_bis_z/016_c_ein_ausgabe_funktionen_006.html]
[openbook.rheinwerk-verlag.de/c_von_a_bis_z/016_c_ein_ausgabe_funktionen_007.html]
[openbook.rheinwerk-verlag.de/c_von_a_bis_z/016_c_ein_ausgabe_funktionen_008.html]
[openbook.rheinwerk-verlag.de/c_von_a_bis_z/016_c_ein_ausgabe_funktionen_009.html]
[openbook.rheinwerk-verlag.de/c_von_a_bis_z/bilder/16_001.gif]
[openbook.rheinwerk-verlag.de/c_von_a_bis_z/bilderklein/klein16_001.gif]
[openbook.rheinwerk-verlag.de/c_von_a_bis_z/bilder/16_002.gif]
[openbook.rheinwerk-verlag.de/c_von_a_bis_z/bilderklein/klein16_002.gif]
[openbook.rheinwerk-verlag.de/c_von_a_bis_z/bilder/16_003.gif]
[openbook.rheinwerk-verlag.de/c_von_a_bis_z/bilderklein/klein16_003.gif]
[openbook.rheinwerk-verlag.de/c_von_a_bis_z/bilder/16_004.gif]
[openbook.rheinwerk-verlag.de/c_von_a_bis_z/016_c_ein_ausgabe_funktionen_010.html]
[openbook.rheinwerk-verlag.de/c_von_a_bis_z/016_c_ein_ausgabe_funktionen_011.html]
[openbook.rheinwerk-verlag.de/c_von_a_bis_z/016_c_ein_ausgabe_funktionen_012.html]
[openbook.rheinwerk-verlag.de/c_von_a_bis_z/016_c_ein_ausgabe_funktionen_013.html]
[openbook.rheinwerk-verlag.de/c_von_a_bis_z/bilderklein/klein16_004.gif]
[openbook.rheinwerk-verlag.de/c_von_a_bis_z/bilder/16_005.gif]
[openbook.rheinwerk-verlag.de/c_von_a_bis_z/016_c_ein_ausgabe_funktionen_014.html]
[openbook.rheinwerk-verlag.de/c_von_a_bis_z/016_c_ein_ausgabe_funktionen_015.html]
[openbook.rheinwerk-verlag.de/c_von_a_bis_z/016_c_ein_ausgabe_funktionen_016.html]
[openbook.rheinwerk-verlag.de/c_von_a_bis_z/bilderklein/klein16_005.gif]
[openbook.rheinwerk-verlag.de/c_von_a_bis_z/bilder/16_006.gif]
[openbook.rheinwerk-verlag.de/c_von_a_bis_z/bilderklein/klein16_006.gif]
[openbook.rheinwerk-verlag.de/c_von_a_bis_z/bilder/16_007.gif]
[openbook.rheinwerk-verlag.de/c_von_a_bis_z/016_c_ein_ausgabe_funktionen_017.html]
[openbook.rheinwerk-verlag.de/c_von_a_bis_z/016_c_ein_ausgabe_funktionen_018.html]
[openbook.rheinwerk-verlag.de/c_von_a_bis_z/016_c_ein_ausgabe_funktionen_019.html]
[openbook.rheinwerk-verlag.de/c_von_a_bis_z/bilderklein/klein16_007.gif]
[openbook.rheinwerk-verlag.de/c_von_a_bis_z/bilder/16_008.gif]
[openbook.rheinwerk-verlag.de/c_von_a_bis_z/016_c_ein_ausgabe_funktionen_020.html]
[openbook.rheinwerk-verlag.de/c_von_a_bis_z/bilderklein/klein16_008.gif]
[openbook.rheinwerk-verlag.de/c_von_a_bis_z/016_c_ein_ausgabe_funktionen_021.html]
[openbook.rheinwerk-verlag.de/c_von_a_bis_z/016_c_ein_ausgabe_funktionen_022.html]
[openbook.rheinwerk-verlag.de/c_von_a_bis_z/bilder/16_009.gif]
[openbook.rheinwerk-verlag.de/c_von_a_bis_z/bilderklein/klein16_009.gif]
[openbook.rheinwerk-verlag.de/c_von_a_bis_z/bilder/16_010.gif]
[openbook.rheinwerk-verlag.de/c_von_a_bis_z/016_c_ein_ausgabe_funktionen_023.html]
[openbook.rheinwerk-verlag.de/c_von_a_bis_z/bilderklein/klein16_010.gif]
[openbook.rheinwerk-verlag.de/c_von_a_bis_z/bilder/16_011.gif]
[openbook.rheinwerk-verlag.de/c_von_a_bis_z/bilderklein/klein16_011.gif]
[openbook.rheinwerk-verlag.de/c_von_a_bis_z/016_c_ein_ausgabe_funktionen_025.html]
[openbook.rheinwerk-verlag.de/c_von_a_bis_z/016_c_ein_ausgabe_funktionen_026.html]
[openbook.rheinwerk-verlag.de/c_von_a_bis_z/017_c_dateien_verzeichnisse_002.html]
[openbook.rheinwerk-verlag.de/c_von_a_bis_z/017_c_dateien_verzeichnisse_003.html]
[openbook.rheinwerk-verlag.de/c_von_a_bis_z/bilder/18_001.gif]
[openbook.rheinwerk-verlag.de/c_von_a_bis_z/bilderklein/klein18_001.gif]
[openbook.rheinwerk-verlag.de/c_von_a_bis_z/bilder/18_002.gif]
[openbook.rheinwerk-verlag.de/c_von_a_bis_z/018_c_stdarg_h_002.html]
[openbook.rheinwerk-verlag.de/c_von_a_bis_z/bilderklein/klein18_002.gif]
[openbook.rheinwerk-verlag.de/c_von_a_bis_z/018_c_stdarg_h_003.html]
[openbook.rheinwerk-verlag.de/c_von_a_bis_z/018_c_stdarg_h_004.html]
[openbook.rheinwerk-verlag.de/c_von_a_bis_z/019_c_zeitroutinen_002.html]
[openbook.rheinwerk-verlag.de/c_von_a_bis_z/020_c_headerdateien_002.html]
[openbook.rheinwerk-verlag.de/c_von_a_bis_z/020_c_headerdateien_003.html]
[openbook.rheinwerk-verlag.de/c_von_a_bis_z/bilder/20_001.gif]
[openbook.rheinwerk-verlag.de/c_von_a_bis_z/bilderklein/klein20_001.gif]
[openbook.rheinwerk-verlag.de/c_von_a_bis_z/020_c_headerdateien_004.html]
[openbook.rheinwerk-verlag.de/c_von_a_bis_z/020_c_headerdateien_005.html]
[openbook.rheinwerk-verlag.de/c_von_a_bis_z/bilder/20_002.gif]
[openbook.rheinwerk-verlag.de/c_von_a_bis_z/020_c_headerdateien_006.html]
[openbook.rheinwerk-verlag.de/c_von_a_bis_z/bilderklein/klein20_002.gif]
[openbook.rheinwerk-verlag.de/c_von_a_bis_z/020_c_headerdateien_007.html]
[openbook.rheinwerk-verlag.de/c_von_a_bis_z/020_c_headerdateien_008.html]
[openbook.rheinwerk-verlag.de/c_von_a_bis_z/common/icons/C.gif]
[openbook.rheinwerk-verlag.de/c_von_a_bis_z/bilder/21_022.gif]
[openbook.rheinwerk-verlag.de/c_von_a_bis_z/bilderklein/klein21_022.gif]
[openbook.rheinwerk-verlag.de/c_von_a_bis_z/bilder/21_023.gif]
[openbook.rheinwerk-verlag.de/c_von_a_bis_z/bilderklein/klein21_023.gif]
[openbook.rheinwerk-verlag.de/c_von_a_bis_z/bilder/21_024.gif]
[openbook.rheinwerk-verlag.de/c_von_a_bis_z/bilderklein/klein21_024.gif]
[openbook.rheinwerk-verlag.de/c_von_a_bis_z/bilder/21_025.gif]
[openbook.rheinwerk-verlag.de/c_von_a_bis_z/bilderklein/klein21_025.gif]
[openbook.rheinwerk-verlag.de/c_von_a_bis_z/bilder/21_026.gif]
[openbook.rheinwerk-verlag.de/c_von_a_bis_z/bilderklein/klein21_026.gif]
[openbook.rheinwerk-verlag.de/c_von_a_bis_z/bilder/21_027.gif]
[openbook.rheinwerk-verlag.de/c_von_a_bis_z/bilderklein/klein21_027.gif]
[openbook.rheinwerk-verlag.de/c_von_a_bis_z/bilder/21_028.gif]
[openbook.rheinwerk-verlag.de/c_von_a_bis_z/bilderklein/klein21_028.gif]
[openbook.rheinwerk-verlag.de/c_von_a_bis_z/bilder/21_029.gif]
[openbook.rheinwerk-verlag.de/c_von_a_bis_z/bilderklein/klein21_029.gif]
[openbook.rheinwerk-verlag.de/c_von_a_bis_z/bilder/21_030.gif]
[openbook.rheinwerk-verlag.de/c_von_a_bis_z/bilderklein/klein21_030.gif]
[openbook.rheinwerk-verlag.de/c_von_a_bis_z/bilder/21_031.gif]
[openbook.rheinwerk-verlag.de/c_von_a_bis_z/bilderklein/klein21_031.gif]
[openbook.rheinwerk-verlag.de/c_von_a_bis_z/bilder/21_032.gif]
[openbook.rheinwerk-verlag.de/c_von_a_bis_z/bilderklein/klein21_032.gif]
[openbook.rheinwerk-verlag.de/c_von_a_bis_z/bilder/21_033.gif]
[openbook.rheinwerk-verlag.de/c_von_a_bis_z/bilderklein/klein21_033.gif]
[openbook.rheinwerk-verlag.de/c_von_a_bis_z/bilder/21_034.gif]
[openbook.rheinwerk-verlag.de/c_von_a_bis_z/bilderklein/klein21_034.gif]
[openbook.rheinwerk-verlag.de/c_von_a_bis_z/bilder/21_035.gif]
[openbook.rheinwerk-verlag.de/c_von_a_bis_z/bilderklein/klein21_035.gif]
[openbook.rheinwerk-verlag.de/c_von_a_bis_z/bilder/21_036.gif]
[openbook.rheinwerk-verlag.de/c_von_a_bis_z/bilderklein/klein21_036.gif]
[openbook.rheinwerk-verlag.de/c_von_a_bis_z/bilder/21_037.gif]
[openbook.rheinwerk-verlag.de/c_von_a_bis_z/bilderklein/klein21_037.gif]
[openbook.rheinwerk-verlag.de/c_von_a_bis_z/bilder/21_038.gif]
[openbook.rheinwerk-verlag.de/c_von_a_bis_z/bilderklein/klein21_038.gif]
[openbook.rheinwerk-verlag.de/c_von_a_bis_z/bilder/21_039.gif]
[openbook.rheinwerk-verlag.de/c_von_a_bis_z/021_c_dyn_datenstrukturen_002.html]
[openbook.rheinwerk-verlag.de/c_von_a_bis_z/bilderklein/klein21_039.gif]
[openbook.rheinwerk-verlag.de/c_von_a_bis_z/bilder/21_040.gif]
[openbook.rheinwerk-verlag.de/c_von_a_bis_z/bilderklein/klein21_040.gif]
[openbook.rheinwerk-verlag.de/c_von_a_bis_z/bilder/21_041.gif]
[openbook.rheinwerk-verlag.de/c_von_a_bis_z/bilderklein/klein21_041.gif]
[openbook.rheinwerk-verlag.de/c_von_a_bis_z/bilder/21_042.gif]
[openbook.rheinwerk-verlag.de/c_von_a_bis_z/bilderklein/klein21_042.gif]
[openbook.rheinwerk-verlag.de/c_von_a_bis_z/bilder/21_043.gif]
[openbook.rheinwerk-verlag.de/c_von_a_bis_z/bilderklein/klein21_043.gif]
[openbook.rheinwerk-verlag.de/c_von_a_bis_z/bilder/21_044.gif]
[openbook.rheinwerk-verlag.de/c_von_a_bis_z/bilderklein/klein21_044.gif]
[openbook.rheinwerk-verlag.de/c_von_a_bis_z/bilder/21_045.gif]
[openbook.rheinwerk-verlag.de/c_von_a_bis_z/bilderklein/klein21_045.gif]
[openbook.rheinwerk-verlag.de/c_von_a_bis_z/bilder/21_046.gif]
[openbook.rheinwerk-verlag.de/c_von_a_bis_z/bilderklein/klein21_046.gif]
[openbook.rheinwerk-verlag.de/c_von_a_bis_z/bilder/21_047.gif]
[openbook.rheinwerk-verlag.de/c_von_a_bis_z/bilderklein/klein21_047.gif]
[openbook.rheinwerk-verlag.de/c_von_a_bis_z/021_c_dyn_datenstrukturen_003.html]
[openbook.rheinwerk-verlag.de/c_von_a_bis_z/bilder/21_048.gif]
[openbook.rheinwerk-verlag.de/c_von_a_bis_z/bilderklein/klein21_048.gif]
[openbook.rheinwerk-verlag.de/c_von_a_bis_z/bilder/21_049.gif]
[openbook.rheinwerk-verlag.de/c_von_a_bis_z/bilderklein/klein21_049.gif]
[openbook.rheinwerk-verlag.de/c_von_a_bis_z/bilder/21_050.gif]
[openbook.rheinwerk-verlag.de/c_von_a_bis_z/bilderklein/klein21_050.gif]
[openbook.rheinwerk-verlag.de/c_von_a_bis_z/bilder/21_051.gif]
[openbook.rheinwerk-verlag.de/c_von_a_bis_z/bilderklein/klein21_051.gif]
[openbook.rheinwerk-verlag.de/c_von_a_bis_z/bilder/21_052.gif]
[openbook.rheinwerk-verlag.de/c_von_a_bis_z/bilderklein/klein21_052.gif]
[openbook.rheinwerk-verlag.de/c_von_a_bis_z/bilder/21_053.gif]
[openbook.rheinwerk-verlag.de/c_von_a_bis_z/bilderklein/klein21_053.gif]
[openbook.rheinwerk-verlag.de/c_von_a_bis_z/021_c_dyn_datenstrukturen_004.html]
[openbook.rheinwerk-verlag.de/c_von_a_bis_z/021_c_dyn_datenstrukturen_005.html]
[openbook.rheinwerk-verlag.de/c_von_a_bis_z/022_c_algorithmen_002.html]
[openbook.rheinwerk-verlag.de/c_von_a_bis_z/bilder/22_001.gif]
[openbook.rheinwerk-verlag.de/c_von_a_bis_z/bilderklein/klein22_001.gif]
[openbook.rheinwerk-verlag.de/c_von_a_bis_z/bilder/22_002.gif]
[openbook.rheinwerk-verlag.de/c_von_a_bis_z/bilderklein/klein22_002.gif]
[openbook.rheinwerk-verlag.de/c_von_a_bis_z/bilder/22_003.gif]
[openbook.rheinwerk-verlag.de/c_von_a_bis_z/bilderklein/klein22_003.gif]
[openbook.rheinwerk-verlag.de/c_von_a_bis_z/bilder/22_004.gif]
[openbook.rheinwerk-verlag.de/c_von_a_bis_z/bilderklein/klein22_004.gif]
[openbook.rheinwerk-verlag.de/c_von_a_bis_z/bilder/22_005.gif]
[openbook.rheinwerk-verlag.de/c_von_a_bis_z/bilderklein/klein22_005.gif]
[openbook.rheinwerk-verlag.de/c_von_a_bis_z/bilder/22_006.gif]
[openbook.rheinwerk-verlag.de/c_von_a_bis_z/bilderklein/klein22_006.gif]
[openbook.rheinwerk-verlag.de/c_von_a_bis_z/bilder/22_007.gif]
[openbook.rheinwerk-verlag.de/c_von_a_bis_z/bilderklein/klein22_007.gif]
[openbook.rheinwerk-verlag.de/c_von_a_bis_z/bilder/22_008.gif]
[openbook.rheinwerk-verlag.de/c_von_a_bis_z/bilderklein/klein22_008.gif]
[openbook.rheinwerk-verlag.de/c_von_a_bis_z/bilder/22_009.gif]
[openbook.rheinwerk-verlag.de/c_von_a_bis_z/bilderklein/klein22_009.gif]
[openbook.rheinwerk-verlag.de/c_von_a_bis_z/bilder/22_010.gif]
[openbook.rheinwerk-verlag.de/c_von_a_bis_z/bilderklein/klein22_010.gif]
[openbook.rheinwerk-verlag.de/c_von_a_bis_z/bilder/22_011.gif]
[openbook.rheinwerk-verlag.de/c_von_a_bis_z/bilderklein/klein22_011.gif]
[openbook.rheinwerk-verlag.de/c_von_a_bis_z/bilder/22_012.gif]
[openbook.rheinwerk-verlag.de/c_von_a_bis_z/bilderklein/klein22_012.gif]
[openbook.rheinwerk-verlag.de/c_von_a_bis_z/bilder/22_013.gif]
[openbook.rheinwerk-verlag.de/c_von_a_bis_z/bilderklein/klein22_013.gif]
[openbook.rheinwerk-verlag.de/c_von_a_bis_z/bilder/22_014.gif]
[openbook.rheinwerk-verlag.de/c_von_a_bis_z/bilderklein/klein22_014.gif]
[openbook.rheinwerk-verlag.de/c_von_a_bis_z/bilder/22_015.gif]
[openbook.rheinwerk-verlag.de/c_von_a_bis_z/bilderklein/klein22_015.gif]
[openbook.rheinwerk-verlag.de/c_von_a_bis_z/022_c_algorithmen_003.html]
[openbook.rheinwerk-verlag.de/c_von_a_bis_z/bilder/22_016.gif]
[openbook.rheinwerk-verlag.de/c_von_a_bis_z/bilderklein/klein22_016.gif]
[openbook.rheinwerk-verlag.de/c_von_a_bis_z/bilder/22_017.gif]
[openbook.rheinwerk-verlag.de/c_von_a_bis_z/bilderklein/klein22_017.gif]
[openbook.rheinwerk-verlag.de/c_von_a_bis_z/bilder/22_018.gif]
[openbook.rheinwerk-verlag.de/c_von_a_bis_z/bilderklein/klein22_018.gif]
[openbook.rheinwerk-verlag.de/c_von_a_bis_z/bilder/22_019.gif]
[openbook.rheinwerk-verlag.de/c_von_a_bis_z/bilderklein/klein22_019.gif]
[openbook.rheinwerk-verlag.de/c_von_a_bis_z/bilder/22_020.gif]
[openbook.rheinwerk-verlag.de/c_von_a_bis_z/bilderklein/klein22_020.gif]
[openbook.rheinwerk-verlag.de/c_von_a_bis_z/bilder/22_021.gif]
[openbook.rheinwerk-verlag.de/c_von_a_bis_z/bilderklein/klein22_021.gif]
[openbook.rheinwerk-verlag.de/c_von_a_bis_z/bilder/22_022.gif]
[openbook.rheinwerk-verlag.de/c_von_a_bis_z/bilderklein/klein22_022.gif]
[openbook.rheinwerk-verlag.de/c_von_a_bis_z/bilder/22_023.gif]
[openbook.rheinwerk-verlag.de/c_von_a_bis_z/bilderklein/klein22_023.gif]
[openbook.rheinwerk-verlag.de/c_von_a_bis_z/bilder/22_024.gif]
[openbook.rheinwerk-verlag.de/c_von_a_bis_z/022_c_algorithmen_004.html]
[openbook.rheinwerk-verlag.de/c_von_a_bis_z/bilderklein/klein22_024.gif]
[openbook.rheinwerk-verlag.de/c_von_a_bis_z/bilder/22_025.gif]
[openbook.rheinwerk-verlag.de/c_von_a_bis_z/bilderklein/klein22_025.gif]
[openbook.rheinwerk-verlag.de/c_von_a_bis_z/bilder/22_026.gif]
[openbook.rheinwerk-verlag.de/c_von_a_bis_z/bilderklein/klein22_026.gif]
[openbook.rheinwerk-verlag.de/c_von_a_bis_z/bilder/22_027.gif]
[openbook.rheinwerk-verlag.de/c_von_a_bis_z/bilderklein/klein22_027.gif]
[openbook.rheinwerk-verlag.de/c_von_a_bis_z/bilder/22_028.gif]
[openbook.rheinwerk-verlag.de/c_von_a_bis_z/bilderklein/klein22_028.gif]
[openbook.rheinwerk-verlag.de/c_von_a_bis_z/bilder/22_029.gif]
[openbook.rheinwerk-verlag.de/c_von_a_bis_z/bilderklein/klein22_029.gif]
[openbook.rheinwerk-verlag.de/c_von_a_bis_z/022_c_algorithmen_005.html]
[openbook.rheinwerk-verlag.de/c_von_a_bis_z/bilder/22_030.gif]
[openbook.rheinwerk-verlag.de/c_von_a_bis_z/bilderklein/klein22_030.gif]
[openbook.rheinwerk-verlag.de/c_von_a_bis_z/bilder/22_031.gif]
[openbook.rheinwerk-verlag.de/c_von_a_bis_z/bilderklein/klein22_031.gif]
[openbook.rheinwerk-verlag.de/c_von_a_bis_z/bilder/22_032.gif]
[openbook.rheinwerk-verlag.de/c_von_a_bis_z/bilderklein/klein22_032.gif]
[openbook.rheinwerk-verlag.de/c_von_a_bis_z/bilder/22_033.gif]
[openbook.rheinwerk-verlag.de/c_von_a_bis_z/bilderklein/klein22_033.gif]
[openbook.rheinwerk-verlag.de/c_von_a_bis_z/bilder/22_034.gif]
[openbook.rheinwerk-verlag.de/c_von_a_bis_z/bilderklein/klein22_034.gif]
[openbook.rheinwerk-verlag.de/c_von_a_bis_z/bilder/22_035.gif]
[openbook.rheinwerk-verlag.de/c_von_a_bis_z/bilderklein/klein22_035.gif]
[openbook.rheinwerk-verlag.de/c_von_a_bis_z/bilder/22_036.gif]
[openbook.rheinwerk-verlag.de/c_von_a_bis_z/bilderklein/klein22_036.gif]
[openbook.rheinwerk-verlag.de/c_von_a_bis_z/022_c_algorithmen_006.html]
[openbook.rheinwerk-verlag.de/c_von_a_bis_z/022_c_algorithmen_007.html]
[openbook.rheinwerk-verlag.de/c_von_a_bis_z/bilder/22_037.gif]
[openbook.rheinwerk-verlag.de/c_von_a_bis_z/bilderklein/klein22_037.gif]
[openbook.rheinwerk-verlag.de/c_von_a_bis_z/bilder/22_038.gif]
[openbook.rheinwerk-verlag.de/c_von_a_bis_z/bilderklein/klein22_038.gif]
[openbook.rheinwerk-verlag.de/c_von_a_bis_z/bilder/22_039.gif]
[openbook.rheinwerk-verlag.de/c_von_a_bis_z/bilderklein/klein22_039.gif]
[openbook.rheinwerk-verlag.de/c_von_a_bis_z/bilder/22_040.gif]
[openbook.rheinwerk-verlag.de/c_von_a_bis_z/bilderklein/klein22_040.gif]
[openbook.rheinwerk-verlag.de/c_von_a_bis_z/bilder/22_041.gif]
[openbook.rheinwerk-verlag.de/c_von_a_bis_z/bilderklein/klein22_041.gif]
[openbook.rheinwerk-verlag.de/c_von_a_bis_z/bilder/22_042.gif]
[openbook.rheinwerk-verlag.de/c_von_a_bis_z/bilderklein/klein22_042.gif]
[openbook.rheinwerk-verlag.de/c_von_a_bis_z/bilder/22_043.gif]
[openbook.rheinwerk-verlag.de/c_von_a_bis_z/bilderklein/klein22_043.gif]
[openbook.rheinwerk-verlag.de/c_von_a_bis_z/bilder/22_044.gif]
[openbook.rheinwerk-verlag.de/c_von_a_bis_z/bilderklein/klein22_044.gif]
[openbook.rheinwerk-verlag.de/c_von_a_bis_z/bilder/22_045.gif]
[openbook.rheinwerk-verlag.de/c_von_a_bis_z/bilderklein/klein22_045.gif]
[openbook.rheinwerk-verlag.de/c_von_a_bis_z/bilder/22_046.gif]
[openbook.rheinwerk-verlag.de/c_von_a_bis_z/bilderklein/klein22_046.gif]
[openbook.rheinwerk-verlag.de/c_von_a_bis_z/bilder/22_047.gif]
[openbook.rheinwerk-verlag.de/c_von_a_bis_z/022_c_algorithmen_008.html]
[openbook.rheinwerk-verlag.de/c_von_a_bis_z/bilderklein/klein22_047.gif]
[openbook.rheinwerk-verlag.de/c_von_a_bis_z/bilder/23_001.gif]
[openbook.rheinwerk-verlag.de/c_von_a_bis_z/023_c_cgi_002.html]
[openbook.rheinwerk-verlag.de/c_von_a_bis_z/023_c_cgi_003.html]
[openbook.rheinwerk-verlag.de/c_von_a_bis_z/023_c_cgi_004.html]
[openbook.rheinwerk-verlag.de/c_von_a_bis_z/023_c_cgi_005.html]
[openbook.rheinwerk-verlag.de/c_von_a_bis_z/023_c_cgi_006.html]
[openbook.rheinwerk-verlag.de/c_von_a_bis_z/bilderklein/klein23_001.gif]
[openbook.rheinwerk-verlag.de/c_von_a_bis_z/bilder/23_002.gif]
[openbook.rheinwerk-verlag.de/c_von_a_bis_z/bilderklein/klein23_002.gif]
[openbook.rheinwerk-verlag.de/c_von_a_bis_z/bilder/23_003.gif]
[openbook.rheinwerk-verlag.de/c_von_a_bis_z/bilderklein/klein23_003.gif]
[openbook.rheinwerk-verlag.de/c_von_a_bis_z/bilder/23_004.gif]
[openbook.rheinwerk-verlag.de/c_von_a_bis_z/bilderklein/klein23_004.gif]
[openbook.rheinwerk-verlag.de/c_von_a_bis_z/bilder/23_005.gif]
[openbook.rheinwerk-verlag.de/c_von_a_bis_z/bilderklein/klein23_005.gif]
[openbook.rheinwerk-verlag.de/c_von_a_bis_z/bilder/23_006.gif]
[openbook.rheinwerk-verlag.de/c_von_a_bis_z/bilderklein/klein23_006.gif]
[openbook.rheinwerk-verlag.de/c_von_a_bis_z/bilder/23_007.gif]
[openbook.rheinwerk-verlag.de/c_von_a_bis_z/bilderklein/klein23_007.gif]
[openbook.rheinwerk-verlag.de/c_von_a_bis_z/bilder/23_008.gif]
[openbook.rheinwerk-verlag.de/c_von_a_bis_z/023_c_cgi_007.html]
[openbook.rheinwerk-verlag.de/c_von_a_bis_z/bilderklein/klein23_008.gif]
[openbook.rheinwerk-verlag.de/c_von_a_bis_z/bilder/23_009.gif]
[openbook.rheinwerk-verlag.de/c_von_a_bis_z/bilderklein/klein23_009.gif]
[openbook.rheinwerk-verlag.de/c_von_a_bis_z/bilder/23_010.gif]
[openbook.rheinwerk-verlag.de/c_von_a_bis_z/023_c_cgi_008.html]
[openbook.rheinwerk-verlag.de/c_von_a_bis_z/bilderklein/klein23_010.gif]
[openbook.rheinwerk-verlag.de/c_von_a_bis_z/bilder/23_011.gif]
[openbook.rheinwerk-verlag.de/c_von_a_bis_z/023_c_cgi_009.html]
[openbook.rheinwerk-verlag.de/c_von_a_bis_z/bilderklein/klein23_011.gif]
[openbook.rheinwerk-verlag.de/c_von_a_bis_z/bilder/23_012.gif]
[openbook.rheinwerk-verlag.de/c_von_a_bis_z/bilderklein/klein23_012.gif]
[openbook.rheinwerk-verlag.de/c_von_a_bis_z/bilder/23_013.gif]
[openbook.rheinwerk-verlag.de/c_von_a_bis_z/bilderklein/klein23_013.gif]
[openbook.rheinwerk-verlag.de/c_von_a_bis_z/bilder/23_014.gif]
[openbook.rheinwerk-verlag.de/c_von_a_bis_z/bilderklein/klein23_014.gif]
[openbook.rheinwerk-verlag.de/c_von_a_bis_z/bilder/23_015.gif]
[openbook.rheinwerk-verlag.de/c_von_a_bis_z/bilderklein/klein23_015.gif]
[openbook.rheinwerk-verlag.de/c_von_a_bis_z/bilder/23_016.gif]
[openbook.rheinwerk-verlag.de/c_von_a_bis_z/bilderklein/klein23_016.gif]
[openbook.rheinwerk-verlag.de/c_von_a_bis_z/bilder/23_017.gif]
[openbook.rheinwerk-verlag.de/c_von_a_bis_z/bilderklein/klein23_017.gif]
[openbook.rheinwerk-verlag.de/c_von_a_bis_z/bilder/23_018.gif]
[openbook.rheinwerk-verlag.de/c_von_a_bis_z/bilderklein/klein23_018.gif]
[openbook.rheinwerk-verlag.de/c_von_a_bis_z/bilder/23_019.gif]
[openbook.rheinwerk-verlag.de/c_von_a_bis_z/bilderklein/klein23_019.gif]
[openbook.rheinwerk-verlag.de/c_von_a_bis_z/023_c_cgi_010.html]
[openbook.rheinwerk-verlag.de/c_von_a_bis_z/bilder/23_020.gif]
[openbook.rheinwerk-verlag.de/c_von_a_bis_z/bilderklein/klein23_020.gif]
[openbook.rheinwerk-verlag.de/c_von_a_bis_z/023_c_cgi_011.html]
[openbook.rheinwerk-verlag.de/c_von_a_bis_z/bilder/23_021.gif]
[openbook.rheinwerk-verlag.de/c_von_a_bis_z/bilderklein/klein23_021.gif]
[openbook.rheinwerk-verlag.de/c_von_a_bis_z/bilder/23_022.gif]
[openbook.rheinwerk-verlag.de/c_von_a_bis_z/bilderklein/klein23_022.gif]
[openbook.rheinwerk-verlag.de/c_von_a_bis_z/bilder/23_023.gif]
[openbook.rheinwerk-verlag.de/c_von_a_bis_z/bilderklein/klein23_023.gif]
[openbook.rheinwerk-verlag.de/c_von_a_bis_z/023_c_cgi_012.html]
[openbook.rheinwerk-verlag.de/c_von_a_bis_z/023_c_cgi_013.html]
[openbook.rheinwerk-verlag.de/c_von_a_bis_z/024_c_mysql_002.html]
[openbook.rheinwerk-verlag.de/c_von_a_bis_z/bilder/24_003.gif]
[openbook.rheinwerk-verlag.de/c_von_a_bis_z/bilderklein/klein24_003.gif]
[openbook.rheinwerk-verlag.de/c_von_a_bis_z/bilder/24_004.gif]
[openbook.rheinwerk-verlag.de/c_von_a_bis_z/bilderklein/klein24_004.gif]
[openbook.rheinwerk-verlag.de/c_von_a_bis_z/bilder/24_005.gif]
[openbook.rheinwerk-verlag.de/c_von_a_bis_z/bilderklein/klein24_005.gif]
[openbook.rheinwerk-verlag.de/c_von_a_bis_z/bilder/24_006.gif]
[openbook.rheinwerk-verlag.de/c_von_a_bis_z/024_c_mysql_003.html]
[openbook.rheinwerk-verlag.de/c_von_a_bis_z/bilderklein/klein24_006.gif]
[openbook.rheinwerk-verlag.de/c_von_a_bis_z/bilder/24_007.gif]
[openbook.rheinwerk-verlag.de/c_von_a_bis_z/bilderklein/klein24_007.gif]
[openbook.rheinwerk-verlag.de/c_von_a_bis_z/bilder/24_008.gif]
[openbook.rheinwerk-verlag.de/c_von_a_bis_z/024_c_mysql_004.html]
[openbook.rheinwerk-verlag.de/c_von_a_bis_z/bilderklein/klein24_008.gif]
[openbook.rheinwerk-verlag.de/c_von_a_bis_z/bilder/24_009.gif]
[openbook.rheinwerk-verlag.de/c_von_a_bis_z/024_c_mysql_005.html]
[openbook.rheinwerk-verlag.de/c_von_a_bis_z/bilderklein/klein24_009.gif]
[openbook.rheinwerk-verlag.de/c_von_a_bis_z/024_c_mysql_006.html]
[openbook.rheinwerk-verlag.de/c_von_a_bis_z/024_c_mysql_007.html]
[openbook.rheinwerk-verlag.de/c_von_a_bis_z/025_c_netzwerkprogrammierung_002.html]
[openbook.rheinwerk-verlag.de/c_von_a_bis_z/025_c_netzwerkprogrammierung_003.html]
[openbook.rheinwerk-verlag.de/c_von_a_bis_z/025_c_netzwerkprogrammierung_004.html]
[openbook.rheinwerk-verlag.de/c_von_a_bis_z/bilder/25_002.gif]
[openbook.rheinwerk-verlag.de/c_von_a_bis_z/bilderklein/klein25_002.gif]
[openbook.rheinwerk-verlag.de/c_von_a_bis_z/bilder/25_003.gif]
[openbook.rheinwerk-verlag.de/c_von_a_bis_z/025_c_netzwerkprogrammierung_005.html]
[openbook.rheinwerk-verlag.de/c_von_a_bis_z/bilderklein/klein25_003.gif]
[openbook.rheinwerk-verlag.de/c_von_a_bis_z/bilder/25_004.gif]
[openbook.rheinwerk-verlag.de/c_von_a_bis_z/bilderklein/klein25_004.gif]
[openbook.rheinwerk-verlag.de/c_von_a_bis_z/bilder/25_005.gif]
[openbook.rheinwerk-verlag.de/c_von_a_bis_z/025_c_netzwerkprogrammierung_006.html]
[openbook.rheinwerk-verlag.de/c_von_a_bis_z/bilderklein/klein25_005.gif]
[openbook.rheinwerk-verlag.de/c_von_a_bis_z/bilder/25_006.gif]
[openbook.rheinwerk-verlag.de/c_von_a_bis_z/bilderklein/klein25_006.gif]
[openbook.rheinwerk-verlag.de/c_von_a_bis_z/bilder/25_007.gif]
[openbook.rheinwerk-verlag.de/c_von_a_bis_z/bilderklein/klein25_007.gif]
[openbook.rheinwerk-verlag.de/c_von_a_bis_z/bilder/25_008.gif]
[openbook.rheinwerk-verlag.de/c_von_a_bis_z/bilderklein/klein25_008.gif]
[openbook.rheinwerk-verlag.de/c_von_a_bis_z/bilder/25_009.gif]
[openbook.rheinwerk-verlag.de/c_von_a_bis_z/bilderklein/klein25_009.gif]
[openbook.rheinwerk-verlag.de/c_von_a_bis_z/bilder/25_010.gif]
[openbook.rheinwerk-verlag.de/c_von_a_bis_z/bilderklein/klein25_010.gif]
[openbook.rheinwerk-verlag.de/c_von_a_bis_z/bilder/25_011.gif]
[openbook.rheinwerk-verlag.de/c_von_a_bis_z/bilderklein/klein25_011.gif]
[openbook.rheinwerk-verlag.de/c_von_a_bis_z/bilder/25_012.gif]
[openbook.rheinwerk-verlag.de/c_von_a_bis_z/bilderklein/klein25_012.gif]
[openbook.rheinwerk-verlag.de/c_von_a_bis_z/bilder/25_013.gif]
[openbook.rheinwerk-verlag.de/c_von_a_bis_z/bilderklein/klein25_013.gif]
[openbook.rheinwerk-verlag.de/c_von_a_bis_z/bilder/25_014.gif]
[openbook.rheinwerk-verlag.de/c_von_a_bis_z/025_c_netzwerkprogrammierung_007.html]
[openbook.rheinwerk-verlag.de/c_von_a_bis_z/025_c_netzwerkprogrammierung_008.html]
[openbook.rheinwerk-verlag.de/c_von_a_bis_z/026_c_paralleles_rechnen_002.html]
[openbook.rheinwerk-verlag.de/c_von_a_bis_z/bilderklein/klein25_014.gif]
[openbook.rheinwerk-verlag.de/c_von_a_bis_z/bilder/26_001.gif]
[openbook.rheinwerk-verlag.de/c_von_a_bis_z/bilderklein/klein26_001.gif]
[openbook.rheinwerk-verlag.de/c_von_a_bis_z/bilder/26_002.gif]
[openbook.rheinwerk-verlag.de/c_von_a_bis_z/bilderklein/klein26_002.gif]
[openbook.rheinwerk-verlag.de/c_von_a_bis_z/bilder/26_003.gif]
[openbook.rheinwerk-verlag.de/c_von_a_bis_z/bilderklein/klein26_003.gif]
[openbook.rheinwerk-verlag.de/c_von_a_bis_z/bilder/26_004.gif]
[openbook.rheinwerk-verlag.de/c_von_a_bis_z/026_c_paralleles_rechnen_003.html]
[openbook.rheinwerk-verlag.de/c_von_a_bis_z/bilderklein/klein26_004.gif]
[openbook.rheinwerk-verlag.de/c_von_a_bis_z/bilder/26_005.gif]
[openbook.rheinwerk-verlag.de/c_von_a_bis_z/bilderklein/klein26_005.gif]
[openbook.rheinwerk-verlag.de/c_von_a_bis_z/bilder/26_006.gif]
[openbook.rheinwerk-verlag.de/c_von_a_bis_z/026_c_paralleles_rechnen_004.html]
[openbook.rheinwerk-verlag.de/c_von_a_bis_z/027_c_sicheres_programmieren_002.html]
[openbook.rheinwerk-verlag.de/c_von_a_bis_z/027_c_sicheres_programmieren_003.html]
[openbook.rheinwerk-verlag.de/c_von_a_bis_z/029_c_anhang_a_002.html]
[openbook.rheinwerk-verlag.de/c_von_a_bis_z/029_c_anhang_a_003.html]
[openbook.rheinwerk-verlag.de/c_von_a_bis_z/029_c_anhang_a_004.html]
[openbook.rheinwerk-verlag.de/c_von_a_bis_z/029_c_anhang_a_005.html]
[openbook.rheinwerk-verlag.de/c_von_a_bis_z/030_c_anhang_b_002.html]
[openbook.rheinwerk-verlag.de/c_von_a_bis_z/030_c_anhang_b_003.html]
[openbook.rheinwerk-verlag.de/c_von_a_bis_z/030_c_anhang_b_004.html]
[openbook.rheinwerk-verlag.de/c_von_a_bis_z/030_c_anhang_b_005.html]
[openbook.rheinwerk-verlag.de/c_von_a_bis_z/030_c_anhang_b_006.html]
[openbook.rheinwerk-verlag.de/c_von_a_bis_z/030_c_anhang_b_007.html]
[openbook.rheinwerk-verlag.de/c_von_a_bis_z/030_c_anhang_b_008.html]
[openbook.rheinwerk-verlag.de/c_von_a_bis_z/030_c_anhang_b_009.html]
[openbook.rheinwerk-verlag.de/c_von_a_bis_z/030_c_anhang_b_010.html]
[openbook.rheinwerk-verlag.de/c_von_a_bis_z/030_c_anhang_b_011.html]
[openbook.rheinwerk-verlag.de/c_von_a_bis_z/030_c_anhang_b_012.html]
[openbook.rheinwerk-verlag.de/c_von_a_bis_z/030_c_anhang_b_013.html]
[openbook.rheinwerk-verlag.de/c_von_a_bis_z/030_c_anhang_b_014.html]
[openbook.rheinwerk-verlag.de/c_von_a_bis_z/030_c_anhang_b_015.html]
[openbook.rheinwerk-verlag.de/c_von_a_bis_z/030_c_anhang_b_016.html]
[openbook.rheinwerk-verlag.de/c_von_a_bis_z/030_c_anhang_b_017.html]
[openbook.rheinwerk-verlag.de/c_von_a_bis_z/030_c_anhang_b_018.html]
[openbook.rheinwerk-verlag.de/c_von_a_bis_z/030_c_anhang_b_019.html]
[openbook.rheinwerk-verlag.de/c_von_a_bis_z/030_c_anhang_b_020.html]
[openbook.rheinwerk-verlag.de/c_von_a_bis_z/030_c_anhang_b_021.html]
[openbook.rheinwerk-verlag.de/c_von_a_bis_z/030_c_anhang_b_022.html]
[openbook.rheinwerk-verlag.de/c_von_a_bis_z/030_c_anhang_b_023.html]
[openbook.rheinwerk-verlag.de/c_von_a_bis_z/016_c_ein_ausgabe_funktionen_024.html]
[openbook.rheinwerk-verlag.de/c_von_a_bis_z/bilderklein/klein26_006.gif]
[openbook.rheinwerk-verlag.de/c_von_a_bis_z/030_c_anhang_b_024.html]
[openbook.rheinwerk-verlag.de/c_von_a_bis_z/common/9783836213851_s.html]
[openbook.rheinwerk-verlag.de/c_von_a_bis_z/common/9783836214292_s.html]
[openbook.rheinwerk-verlag.de/c_von_a_bis_z/common/9783898428392_s.html]
[openbook.rheinwerk-verlag.de/c_von_a_bis_z/common/9783836211574_s.html]
[openbook.rheinwerk-verlag.de/c_von_a_bis_z/common/9783836213660_s.html]
[openbook.rheinwerk-verlag.de/c_von_a_bis_z/common/9783836214209_s.html]
[openbook.rheinwerk-verlag.de/c_von_a_bis_z/common/9783836214391_s.html]
[openbook.rheinwerk-verlag.de/c_von_a_bis_z/common/9783836211161_s.html]
[openbook.rheinwerk-verlag.de/c_von_a_bis_z/common/icons/alt.html]
[openbook.rheinwerk-verlag.de/c_von_a_bis_z/common/icons/ALT-2.html]
[openbook.rheinwerk-verlag.de/c_von_a_bis_z/.html]
